Archive member included to satisfy reference by file (symbol)

../../libDaisy/build\libdaisy.a(daisy_seed.o)
                              build/main.o (daisy::DaisySeed::GetPin(unsigned char))
../../libDaisy/build\libdaisy.a(codec_ak4556.o)
                              ../../libDaisy/build\libdaisy.a(daisy_seed.o) (daisy::Ak4556::Init(dsy_gpio_pin))
../../libDaisy/build\libdaisy.a(codec_wm8731.o)
                              ../../libDaisy/build\libdaisy.a(daisy_seed.o) (daisy::Wm8731::Init(daisy::Wm8731::Config const&, daisy::I2CHandle))
../../libDaisy/build\libdaisy.a(sdram.o)
                              ../../libDaisy/build\libdaisy.a(daisy_seed.o) (SdramHandle::Init())
../../libDaisy/build\libdaisy.a(audio.o)
                              ../../libDaisy/build\libdaisy.a(daisy_seed.o) (daisy::AudioHandle::Init(daisy::AudioHandle::Config const&, daisy::SaiHandle))
../../libDaisy/build\libdaisy.a(switch.o)
                              build/effect.o (daisy::Switch::Init(dsy_gpio_pin, float, daisy::Switch::Type, daisy::Switch::Polarity, daisy::Switch::Pull))
../../libDaisy/build\libdaisy.a(adc.o)
                              build/effect.o (daisy::AdcChannelConfig::InitSingle(dsy_gpio_pin, daisy::AdcChannelConfig::ConversionSpeed))
../../libDaisy/build\libdaisy.a(gpio.o)
                              ../../libDaisy/build\libdaisy.a(daisy_seed.o) (daisy::GPIO::Init(daisy::Pin, daisy::GPIO::Mode, daisy::GPIO::Pull, daisy::GPIO::Speed))
../../libDaisy/build\libdaisy.a(i2c.o)
                              build/main.o (daisy::I2CHandle::Init(daisy::I2CHandle::Config const&))
../../libDaisy/build\libdaisy.a(qspi.o)
                              ../../libDaisy/build\libdaisy.a(daisy_seed.o) (daisy::QSPIHandle::Init(daisy::QSPIHandle::Config const&))
../../libDaisy/build\libdaisy.a(sai.o)
                              ../../libDaisy/build\libdaisy.a(daisy_seed.o) (daisy::SaiHandle::Init(daisy::SaiHandle::Config const&))
../../libDaisy/build\libdaisy.a(system.o)
                              ../../libDaisy/build\libdaisy.a(daisy_seed.o) (daisy::System::DeInit())
../../libDaisy/build\libdaisy.a(system_stm32h7xx.o)
                              build/startup_stm32h750xx.o (SystemInit)
../../libDaisy/build\libdaisy.a(usbd_conf.o)
                              ../../libDaisy/build\libdaisy.a(system.o) (hpcd_USB_OTG_HS)
../../libDaisy/build\libdaisy.a(usbh_conf.o)
                              ../../libDaisy/build\libdaisy.a(system.o) (hhcd_USB_OTG_HS)
../../libDaisy/build\libdaisy.a(hal_map.o)
                              ../../libDaisy/build\libdaisy.a(gpio.o) (dsy_hal_map_get_port)
../../libDaisy/build\libdaisy.a(oled_fonts.o)
                              build/main.o (Font_16x26)
../../libDaisy/build\libdaisy.a(stm32h7xx_hal.o)
                              ../../libDaisy/build\libdaisy.a(system.o) (HAL_Init)
../../libDaisy/build\libdaisy.a(stm32h7xx_hal_adc.o)
                              ../../libDaisy/build\libdaisy.a(adc.o) (HAL_ADC_ConfigChannel)
../../libDaisy/build\libdaisy.a(stm32h7xx_hal_adc_ex.o)
                              ../../libDaisy/build\libdaisy.a(adc.o) (HAL_ADCEx_Calibration_Start)
../../libDaisy/build\libdaisy.a(stm32h7xx_hal_cortex.o)
                              ../../libDaisy/build\libdaisy.a(stm32h7xx_hal.o) (HAL_NVIC_SetPriorityGrouping)
../../libDaisy/build\libdaisy.a(stm32h7xx_hal_dma.o)
                              ../../libDaisy/build\libdaisy.a(adc.o) (HAL_DMA_Init)
../../libDaisy/build\libdaisy.a(stm32h7xx_hal_gpio.o)
                              ../../libDaisy/build\libdaisy.a(sdram.o) (HAL_GPIO_Init)
../../libDaisy/build\libdaisy.a(stm32h7xx_hal_hcd.o)
                              ../../libDaisy/build\libdaisy.a(usbh_conf.o) (HAL_HCD_HC_Init)
../../libDaisy/build\libdaisy.a(stm32h7xx_hal_i2c.o)
                              ../../libDaisy/build\libdaisy.a(i2c.o) (HAL_I2C_Init)
../../libDaisy/build\libdaisy.a(stm32h7xx_hal_i2c_ex.o)
                              ../../libDaisy/build\libdaisy.a(i2c.o) (HAL_I2CEx_ConfigAnalogFilter)
../../libDaisy/build\libdaisy.a(stm32h7xx_hal_pcd.o)
                              ../../libDaisy/build\libdaisy.a(usbd_conf.o) (HAL_PCD_Init)
../../libDaisy/build\libdaisy.a(stm32h7xx_hal_pcd_ex.o)
                              ../../libDaisy/build\libdaisy.a(usbd_conf.o) (HAL_PCDEx_SetTxFiFo)
../../libDaisy/build\libdaisy.a(stm32h7xx_hal_pwr_ex.o)
                              ../../libDaisy/build\libdaisy.a(system.o) (HAL_PWREx_ConfigSupply)
../../libDaisy/build\libdaisy.a(stm32h7xx_hal_qspi.o)
                              ../../libDaisy/build\libdaisy.a(qspi.o) (HAL_QSPI_Init)
../../libDaisy/build\libdaisy.a(stm32h7xx_hal_rcc.o)
                              ../../libDaisy/build\libdaisy.a(system.o) (HAL_RCC_OscConfig)
../../libDaisy/build\libdaisy.a(stm32h7xx_hal_rcc_ex.o)
                              ../../libDaisy/build\libdaisy.a(system.o) (HAL_RCCEx_PeriphCLKConfig)
../../libDaisy/build\libdaisy.a(stm32h7xx_hal_sai.o)
[...]
Memory Configuration

Name             Origin             Length             Attributes
FLASH            0x08000000         0x00020000         xr
DTCMRAM          0x20000000         0x00020000         xrw
SRAM             0x24000000         0x00080000         xrw
RAM_D2           0x30000000         0x00048000         xrw
RAM_D3           0x38000000         0x00010000         xrw
BACKUP_SRAM      0x38800000         0x00001000         xrw
ITCMRAM          0x00000000         0x00010000         xrw
SDRAM            0xc0000000         0x04000000         xrw
QSPIFLASH        0x90000000         0x00800000         xr
*default*        0x00000000         0xffffffff

Linker script and memory map

LOAD c:/program files/daisytoolchain/bin/../lib/gcc/arm-none-eabi/10.2.1/thumb/v7e-m+dp/hard/crti.o
LOAD c:/program files/daisytoolchain/bin/../lib/gcc/arm-none-eabi/10.2.1/thumb/v7e-m+dp/hard/crtbegin.o
LOAD c:/program files/daisytoolchain/bin/../lib/gcc/arm-none-eabi/10.2.1/../../../../arm-none-eabi/lib/thumb/v7e-m+dp/hard/crt0.o
LOAD build/startup_stm32h750xx.o
LOAD build/effect.o
LOAD build/main.o
LOAD build/util.o
LOAD ../../libDaisy/build\libdaisy.a
LOAD c:/program files/daisytoolchain/bin/../lib/gcc/arm-none-eabi/10.2.1/../../../../arm-none-eabi/lib/thumb/v7e-m+dp/hard\libnosys.a
LOAD ../../DaisySP/build\libdaisysp.a
LOAD c:/program files/daisytoolchain/bin/../lib/gcc/arm-none-eabi/10.2.1/../../../../arm-none-eabi/lib/thumb/v7e-m+dp/hard\libstdc++_nano.a
LOAD c:/program files/daisytoolchain/bin/../lib/gcc/arm-none-eabi/10.2.1/../../../../arm-none-eabi/lib/thumb/v7e-m+dp/hard\libm.a
LOAD c:/program files/daisytoolchain/bin/../lib/gcc/arm-none-eabi/10.2.1/../../../../arm-none-eabi/lib/thumb/v7e-m+dp/hard\libc_nano.a
START GROUP
LOAD c:/program files/daisytoolchain/bin/../lib/gcc/arm-none-eabi/10.2.1/thumb/v7e-m+dp/hard\libgcc.a
LOAD c:/program files/daisytoolchain/bin/../lib/gcc/arm-none-eabi/10.2.1/../../../../arm-none-eabi/lib/thumb/v7e-m+dp/hard\libc_nano.a
END GROUP
START GROUP
LOAD c:/program files/daisytoolchain/bin/../lib/gcc/arm-none-eabi/10.2.1/thumb/v7e-m+dp/hard\libgcc.a
LOAD c:/program files/daisytoolchain/bin/../lib/gcc/arm-none-eabi/10.2.1/../../../../arm-none-eabi/lib/thumb/v7e-m+dp/hard\libc_nano.a
LOAD c:/program files/daisytoolchain/bin/../lib/gcc/arm-none-eabi/10.2.1/../../../../arm-none-eabi/lib/thumb/v7e-m+dp/hard\libnosys.a
END GROUP
START GROUP
LOAD c:/program files/daisytoolchain/bin/../lib/gcc/arm-none-eabi/10.2.1/thumb/v7e-m+dp/hard\libgcc.a
LOAD c:/program files/daisytoolchain/bin/../lib/gcc/arm-none-eabi/10.2.1/../../../../arm-none-eabi/lib/thumb/v7e-m+dp/hard\libc_nano.a
LOAD c:/program files/daisytoolchain/bin/../lib/gcc/arm-none-eabi/10.2.1/../../../../arm-none-eabi/lib/thumb/v7e-m+dp/hard\libnosys.a
END GROUP
LOAD c:/program files/daisytoolchain/bin/../lib/gcc/arm-none-eabi/10.2.1/thumb/v7e-m+dp/hard/crtend.o
LOAD c:/program files/daisytoolchain/bin/../lib/gcc/arm-none-eabi/10.2.1/thumb/v7e-m+dp/hard/crtn.o
                0x20020000                _estack = 0x20020000

.isr_vector     0x08000000      0x298
                0x08000000                . = ALIGN (0x4)
 *(.isr_vector)
 .isr_vector    0x08000000      0x298 build/startup_stm32h750xx.o
                0x08000000                g_pfnVectors
                0x08000298                . = ALIGN (0x4)

.text           0x080002a0    0x16c7c
                0x080002a0                . = ALIGN (0x4)
                0x080002a0                _stext = .
 *(.text)
 .text          0x080002a0       0x40 c:/program files/daisytoolchain/bin/../lib/gcc/arm-none-eabi/10.2.1/thumb/v7e-m+dp/hard/crtbegin.o
 .text          0x080002e0       0xa0 c:/program files/daisytoolchain/bin/../lib/gcc/arm-none-eabi/10.2.1/../../../../arm-none-eabi/lib/thumb/v7e-m+dp/hard\libc_nano.a(lib_a-memchr.o)
                0x080002e0                memchr
 .text          0x08000380      0x378 c:/program files/daisytoolchain/bin/../lib/gcc/arm-none-eabi/10.2.1/thumb/v7e-m+dp/hard\libgcc.a(_arm_addsubdf3.o)
                0x08000380                __aeabi_drsub
                0x08000388                __aeabi_dsub
                0x08000388                __subdf3
                0x0800038c                __aeabi_dadd
                0x0800038c                __adddf3
                0x08000604                __floatunsidf
                0x08000604                __aeabi_ui2d
                0x08000624                __floatsidf
                0x08000624                __aeabi_i2d
                0x08000648                __aeabi_f2d
                0x08000648                __extendsfdf2
                0x0800068c                __floatundidf
                0x0800068c                __aeabi_ul2d
                0x0800069c                __floatdidf
                0x0800069c                __aeabi_l2d
 .text          0x080006f8       0x30 c:/program files/daisytoolchain/bin/../lib/gcc/arm-none-eabi/10.2.1/thumb/v7e-m+dp/hard\libgcc.a(_aeabi_uldivmod.o)
                0x080006f8                __aeabi_uldivmod
 .text          0x08000728      0x294 c:/program files/daisytoolchain/bin/../lib/gcc/arm-none-eabi/10.2.1/thumb/v7e-m+dp/hard\libgcc.a(_mulsc3.o)
                0x08000728                __mulsc3
 .text          0x080009bc      0x2d0 c:/program files/daisytoolchain/bin/../lib/gcc/arm-none-eabi/10.2.1/thumb/v7e-m+dp/hard\libgcc.a(_udivmoddi4.o)
                0x080009bc                __udivmoddi4
 .text          0x08000c8c        0x4 c:/program files/daisytoolchain/bin/../lib/gcc/arm-none-eabi/10.2.1/thumb/v7e-m+dp/hard\libgcc.a(_dvmd_tls.o)
                0x08000c8c                __aeabi_idiv0
                0x08000c8c                __aeabi_ldiv0
 *(.text*)
 .text.Default_Handler
                0x08000c90        0x4 build/startup_stm32h750xx.o
                0x08000c90                RTC_Alarm_IRQHandler
                0x08000c90                HASH_RNG_IRQHandler
                0x08000c90                EXTI2_IRQHandler
                0x08000c90                TIM8_CC_IRQHandler
                0x08000c90                HRTIM1_Master_IRQHandler
                0x08000c90                DebugMon_Handler
                0x08000c90                TIM1_CC_IRQHandler
                0x08000c90                BDMA_Channel6_IRQHandler
                0x08000c90                DMA2_Stream5_IRQHandler
                0x08000c90                HRTIM1_FLT_IRQHandler
                0x08000c90                JPEG_IRQHandler
                0x08000c90                BDMA_Channel1_IRQHandler
                0x08000c90                HRTIM1_TIMD_IRQHandler
                0x08000c90                TAMP_STAMP_IRQHandler
                0x08000c90                PendSV_Handler
                0x08000c90                NMI_Handler
                0x08000c90                EXTI3_IRQHandler
                0x08000c90                LPTIM4_IRQHandler
                0x08000c90                TIM8_TRG_COM_TIM14_IRQHandler
                0x08000c90                LPTIM2_IRQHandler
                0x08000c90                DFSDM1_FLT1_IRQHandler
                0x08000c90                DMAMUX2_OVR_IRQHandler
                0x08000c90                TIM8_UP_TIM13_IRQHandler
                0x08000c90                I2C3_ER_IRQHandler
                0x08000c90                DFSDM1_FLT2_IRQHandler
                0x08000c90                MDMA_IRQHandler
                0x08000c90                LPTIM3_IRQHandler
                0x08000c90                HSEM1_IRQHandler
                0x08000c90                EXTI0_IRQHandler
                0x08000c90                FPU_IRQHandler
                0x08000c90                OTG_HS_WKUP_IRQHandler
                0x08000c90                FDCAN1_IT1_IRQHandler
                0x08000c90                UsageFault_Handler
                0x08000c90                LTDC_ER_IRQHandler
                0x08000c90                HRTIM1_TIME_IRQHandler
                0x08000c90                TIM6_DAC_IRQHandler
                0x08000c90                DCMI_IRQHandler
                0x08000c90                HRTIM1_TIMC_IRQHandler
                0x08000c90                SAI2_IRQHandler
                0x08000c90                DFSDM1_FLT3_IRQHandler
                0x08000c90                TIM17_IRQHandler
                0x08000c90                CRYP_IRQHandler
                0x08000c90                BDMA_Channel7_IRQHandler
                0x08000c90                LPTIM5_IRQHandler
                0x08000c90                ADC3_IRQHandler
                0x08000c90                DMA2_Stream0_IRQHandler
                0x08000c90                BDMA_Channel2_IRQHandler
                0x08000c90                DMAMUX1_OVR_IRQHandler
                0x08000c90                TIM16_IRQHandler
                0x08000c90                BDMA_Channel5_IRQHandler
                0x08000c90                RCC_IRQHandler
                0x08000c90                TIM8_BRK_TIM12_IRQHandler
                0x08000c90                TIM1_TRG_COM_IRQHandler
                0x08000c90                Default_Handler
                0x08000c90                ECC_IRQHandler
                0x08000c90                CEC_IRQHandler
                0x08000c90                EXTI15_10_IRQHandler
                0x08000c90                BDMA_Channel0_IRQHandler
                0x08000c90                ADC_IRQHandler
                0x08000c90                DMA1_Stream7_IRQHandler
                0x08000c90                HRTIM1_TIMA_IRQHandler
                0x08000c90                TIM7_IRQHandler
                0x08000c90                SDMMC1_IRQHandler
                0x08000c90                DMA2_Stream7_IRQHandler
                0x08000c90                TIM15_IRQHandler
                0x08000c90                PVD_AVD_IRQHandler
                0x08000c90                EXTI9_5_IRQHandler
                0x08000c90                RTC_WKUP_IRQHandler
                0x08000c90                LTDC_IRQHandler
                0x08000c90                SAI3_IRQHandler
                0x08000c90                ETH_WKUP_IRQHandler
                0x08000c90                SPDIF_RX_IRQHandler
                0x08000c90                MemManage_Handler
                0x08000c90                SVC_Handler
                0x08000c90                CRS_IRQHandler
                0x08000c90                EXTI4_IRQHandler
                0x08000c90                HRTIM1_TIMB_IRQHandler
                0x08000c90                FDCAN2_IT1_IRQHandler
                0x08000c90                ETH_IRQHandler
                0x08000c90                TIM1_UP_IRQHandler
                0x08000c90                BDMA_Channel4_IRQHandler
                0x08000c90                WWDG_IRQHandler
                0x08000c90                SPI6_IRQHandler
                0x08000c90                I2C4_EV_IRQHandler
                0x08000c90                MDIOS_IRQHandler
                0x08000c90                FDCAN2_IT0_IRQHandler
                0x08000c90                FDCAN1_IT0_IRQHandler
                0x08000c90                OTG_FS_WKUP_IRQHandler
                0x08000c90                DMA2D_IRQHandler
                0x08000c90                TIM1_BRK_IRQHandler
                0x08000c90                EXTI1_IRQHandler
                0x08000c90                SDMMC2_IRQHandler
                0x08000c90                OTG_FS_EP1_OUT_IRQHandler
                0x08000c90                BDMA_Channel3_IRQHandler
                0x08000c90                MDIOS_WKUP_IRQHandler
                0x08000c90                DFSDM1_FLT0_IRQHandler
                0x08000c90                SAI4_IRQHandler
                0x08000c90                I2C2_ER_IRQHandler
                0x08000c90                DMA2_Stream1_IRQHandler
                0x08000c90                FLASH_IRQHandler
                0x08000c90                BusFault_Handler
                0x08000c90                OTG_FS_IRQHandler
                0x08000c90                WAKEUP_PIN_IRQHandler
                0x08000c90                OTG_FS_EP1_IN_IRQHandler
                0x08000c90                I2C1_ER_IRQHandler
                0x08000c90                FMC_IRQHandler
                0x08000c90                FDCAN_CAL_IRQHandler
                0x08000c90                SWPMI1_IRQHandler
                0x08000c90                COMP1_IRQHandler
                0x08000c90                LPTIM1_IRQHandler
                0x08000c90                I2C4_ER_IRQHandler
                0x08000c90                DMA2_Stream6_IRQHandler
                0x08000c90                SAI1_IRQHandler
 .text.Reset_Handler
                0x08000c94       0x44 build/startup_stm32h750xx.o
                0x08000c94                Reset_Handler
 .text._ZN5Delay6updateEv
                0x08000cd8        0x4 build/effect.o
                0x08000cd8                Delay::update()
 .text._ZN6Looper6updateEv
                0x08000cdc       0x50 build/effect.o
                0x08000cdc                Looper::update()
 .text._ZN6Looper5applyEPKfPfj
                0x08000d2c       0x68 build/effect.o
                0x08000d2c                Looper::apply(float const*, float*, unsigned int)
 .text._ZN5Tuner5applyEPKfPfj
                0x08000d94       0x7c build/effect.o
                0x08000d94                Tuner::apply(float const*, float*, unsigned int)
 .text._ZN5Delay5applyEPKfPfj
                0x08000e10       0x64 build/effect.o
                0x08000e10                Delay::apply(float const*, float*, unsigned int)
 .text._ZN5Tuner6updateEv
                0x08000e74       0xe4 build/effect.o
                0x08000e74                Tuner::update()
 .text._ZN13ToggleControlC2E12dsy_gpio_pin
                0x08000f58       0x28 build/effect.o
                0x08000f58                ToggleControl::ToggleControl(dsy_gpio_pin)
                0x08000f58                ToggleControl::ToggleControl(dsy_gpio_pin)
 .text._ZN13ToggleControl6updateEv
                0x08000f80       0x1c build/effect.o
                0x08000f80                ToggleControl::update()
 .text._ZN15VariableControlC2EPN5daisy9DaisySeedEPNS0_16AdcChannelConfigE12dsy_gpio_pin
                0x08000f9c       0x2c build/effect.o
                0x08000f9c                VariableControl::VariableControl(daisy::DaisySeed*, daisy::AdcChannelConfig*, dsy_gpio_pin)
                0x08000f9c                VariableControl::VariableControl(daisy::DaisySeed*, daisy::AdcChannelConfig*, dsy_gpio_pin)
 .text._ZN15VariableControl6updateEv
                0x08000fc8       0x34 build/effect.o
                0x08000fc8                VariableControl::update()
 .text._ZN5daisy9DaisySeedD2Ev
                0x08000ffc        0x4 build/main.o
                0x08000ffc                daisy::DaisySeed::~DaisySeed()
                0x08000ffc                daisy::DaisySeed::~DaisySeed()
 .text._ZN5daisy11OledDisplayINS_13SSD130xDriverILj128ELj64ENS_19SSD130xI2CTransportEEEE4FillEb
                0x08001000       0x10 build/main.o
                0x08001000                daisy::OledDisplay<daisy::SSD130xDriver<128u, 64u, daisy::SSD130xI2CTransport> >::Fill(bool)
 .text._ZN5daisy11OledDisplayINS_13SSD130xDriverILj128ELj64ENS_19SSD130xI2CTransportEEEED2Ev
                0x08001010        0x4 build/main.o
                0x08001010                daisy::OledDisplay<daisy::SSD130xDriver<128u, 64u, daisy::SSD130xI2CTransport> >::~OledDisplay()
                0x08001010                daisy::OledDisplay<daisy::SSD130xDriver<128u, 64u, daisy::SSD130xI2CTransport> >::~OledDisplay()
 .text._ZNK5daisy11OledDisplayINS_13SSD130xDriverILj128ELj64ENS_19SSD130xI2CTransportEEEE6HeightEv
                0x08001014        0x4 build/main.o
                0x08001014                daisy::OledDisplay<daisy::SSD130xDriver<128u, 64u, daisy::SSD130xI2CTransport> >::Height() const
 .text._ZNK5daisy11OledDisplayINS_13SSD130xDriverILj128ELj64ENS_19SSD130xI2CTransportEEEE5WidthEv
                0x08001018        0x4 build/main.o
                0x08001018                daisy::OledDisplay<daisy::SSD130xDriver<128u, 64u, daisy::SSD130xI2CTransport> >::Width() const
 .text._ZL8CallbackPKPKfPPfj
                0x0800101c       0x50 build/main.o
 .text._ZN5daisy11OledDisplayINS_13SSD130xDriverILj128ELj64ENS_19SSD130xI2CTransportEEEED0Ev
                0x0800106c       0x10 build/main.o
                0x0800106c                daisy::OledDisplay<daisy::SSD130xDriver<128u, 64u, daisy::SSD130xI2CTransport> >::~OledDisplay()
 .text._ZN5daisy11OledDisplayINS_13SSD130xDriverILj128ELj64ENS_19SSD130xI2CTransportEEEE6UpdateEv
                0x0800107c       0xac build/main.o
                0x0800107c                daisy::OledDisplay<daisy::SSD130xDriver<128u, 64u, daisy::SSD130xI2CTransport> >::Update()
 .text._ZN5daisy11OledDisplayINS_13SSD130xDriverILj128ELj64ENS_19SSD130xI2CTransportEEEE9DrawPixelEjjb
                0x08001128       0x44 build/main.o
                0x08001128                daisy::OledDisplay<daisy::SSD130xDriver<128u, 64u, daisy::SSD130xI2CTransport> >::DrawPixel(unsigned int, unsigned int, bool)
 .text._ZN5daisy25OneBitGraphicsDisplayImplINS_11OledDisplayINS_13SSD130xDriverILj128ELj64ENS_19SSD130xI2CTransportEEEEEE11WriteStringEPKc7FontDefb
                0x0800116c      0x1c0 build/main.o
                0x0800116c                daisy::OneBitGraphicsDisplayImpl<daisy::OledDisplay<daisy::SSD130xDriver<128u, 64u, daisy::SSD130xI2CTransport> > >::WriteString(char const*, FontDef, bool)
 .text._ZN5daisy25OneBitGraphicsDisplayImplINS_11OledDisplayINS_13SSD130xDriverILj128ELj64ENS_19SSD130xI2CTransportEEEEEE8DrawLineEjjjjb
                0x0800132c       0xfc build/main.o
                0x0800132c                daisy::OneBitGraphicsDisplayImpl<daisy::OledDisplay<daisy::SSD130xDriver<128u, 64u, daisy::SSD130xI2CTransport> > >::DrawLine(unsigned int, unsigned int, unsigned int, unsigned int, bool)
 .text._ZN5daisy25OneBitGraphicsDisplayImplINS_11OledDisplayINS_13SSD130xDriverILj128ELj64ENS_19SSD130xI2CTransportEEEEEE7DrawArcEjjjiib
                0x08001428      0x478 build/main.o
                0x08001428                daisy::OneBitGraphicsDisplayImpl<daisy::OledDisplay<daisy::SSD130xDriver<128u, 64u, daisy::SSD130xI2CTransport> > >::DrawArc(unsigned int, unsigned int, unsigned int, int, int, bool)
 .text._ZN5daisy25OneBitGraphicsDisplayImplINS_11OledDisplayINS_13SSD130xDriverILj128ELj64ENS_19SSD130xI2CTransportEEEEEE18WriteStringAlignedEPKcRK7FontDefNS_9RectangleENS_9AlignmentEb
                0x080018a0      0x3f0 build/main.o
                0x080018a0                daisy::OneBitGraphicsDisplayImpl<daisy::OledDisplay<daisy::SSD130xDriver<128u, 64u, daisy::SSD130xI2CTransport> > >::WriteStringAligned(char const*, FontDef const&, daisy::Rectangle, daisy::Alignment, bool)
 .text._ZN5daisy25OneBitGraphicsDisplayImplINS_11OledDisplayINS_13SSD130xDriverILj128ELj64ENS_19SSD130xI2CTransportEEEEEE9WriteCharEc7FontDefb
                0x08001c90      0x1a0 build/main.o
                0x08001c90                daisy::OneBitGraphicsDisplayImpl<daisy::OledDisplay<daisy::SSD130xDriver<128u, 64u, daisy::SSD130xI2CTransport> > >::WriteChar(char, FontDef, bool)
 .text._ZN5daisy25OneBitGraphicsDisplayImplINS_11OledDisplayINS_13SSD130xDriverILj128ELj64ENS_19SSD130xI2CTransportEEEEEE8DrawRectEjjjjbb
                0x08001e30      0x418 build/main.o
                0x08001e30                daisy::OneBitGraphicsDisplayImpl<daisy::OledDisplay<daisy::SSD130xDriver<128u, 64u, daisy::SSD130xI2CTransport> > >::DrawRect(unsigned int, unsigned int, unsigned int, unsigned int, bool, bool)
 .text._ZN5daisy21OneBitGraphicsDisplay9SetCursorEtt
                0x08002248       0x6c build/main.o
                0x08002248                daisy::OneBitGraphicsDisplay::SetCursor(unsigned short, unsigned short)
 .text._Z4stepv
                0x080022b4       0x48 build/main.o
                0x080022b4                step()
 .text._Z4drawv
                0x080022fc      0x71c build/main.o
                0x080022fc                draw()
 .text._ZN5daisy13SSD130xDriverILj128ELj64ENS_19SSD130xI2CTransportEE4InitENS2_6ConfigE
                0x08002a18      0x250 build/main.o
                0x08002a18                daisy::SSD130xDriver<128u, 64u, daisy::SSD130xI2CTransport>::Init(daisy::SSD130xDriver<128u, 64u, daisy::SSD130xI2CTransport>::Config)
 .text._ZN5daisy13SSD130xDriverILj128ELj64ENS_19SSD130xI2CTransportEE6UpdateEv
                0x08002c68       0xa8 build/main.o
                0x08002c68                daisy::SSD130xDriver<128u, 64u, daisy::SSD130xI2CTransport>::Update()
 .text.startup.main
                0x08002d10      0x2d4 build/main.o
                0x08002d10                main
 .text.startup._GLOBAL__sub_I_hw
                0x08002fe4       0x44 build/main.o
 .text._Z7ditfft2PfiiPSt7complexIfE
                0x08003028      0x124 build/util.o
                0x08003028                ditfft2(float*, int, int, std::complex<float>*)
 .text._Z15frequencyToNotefPPKcPi
                0x0800314c       0x8c build/util.o
                0x0800314c                frequencyToNote(float, char const**, int*)
 .text._ZN14CircularBufferC2EPfjj
                0x080031d8        0xc build/util.o
                0x080031d8                CircularBuffer::CircularBuffer(float*, unsigned int, unsigned int)
                0x080031d8                CircularBuffer::CircularBuffer(float*, unsigned int, unsigned int)
 .text._ZN14CircularBuffer9setOffsetEj
                0x080031e4       0x14 build/util.o
                0x080031e4                CircularBuffer::setOffset(unsigned int)
 .text._ZN14CircularBuffer8readNextEv
                0x080031f8       0x1c build/util.o
                0x080031f8                CircularBuffer::readNext()
 .text._ZN14CircularBuffer9writeNextEf
                0x08003214       0x1c build/util.o
                0x08003214                CircularBuffer::writeNext(float)
 .text._ZN5daisy9DaisySeed6GetPinEh
                0x08003230       0x2c ../../libDaisy/build\libdaisy.a(daisy_seed.o)
                0x08003230                daisy::DaisySeed::GetPin(unsigned char)
 .text._ZN5daisy9DaisySeed10StartAudioEPFvPKPKfPPfjE
                0x0800325c        0x8 ../../libDaisy/build\libdaisy.a(daisy_seed.o)
                0x0800325c                daisy::DaisySeed::StartAudio(void (*)(float const* const*, float**, unsigned int))
 .text._ZN5daisy9DaisySeed18SetAudioSampleRateENS_9SaiHandle6Config10SampleRateE
                0x08003264       0x38 ../../libDaisy/build\libdaisy.a(daisy_seed.o)
                0x08003264                daisy::DaisySeed::SetAudioSampleRate(daisy::SaiHandle::Config::SampleRate)
 .text._ZN5daisy9DaisySeed17SetAudioBlockSizeEj
                0x0800329c       0x38 ../../libDaisy/build\libdaisy.a(daisy_seed.o)
                0x0800329c                daisy::DaisySeed::SetAudioBlockSize(unsigned int)
 .text._ZN5daisy9DaisySeed17CheckBoardVersionEv
                0x080032d4       0x6c ../../libDaisy/build\libdaisy.a(daisy_seed.o)
                0x080032d4                daisy::DaisySeed::CheckBoardVersion()
 .text._ZN5daisy9DaisySeed14ConfigureAudioEv
                0x08003340      0x10c ../../libDaisy/build\libdaisy.a(daisy_seed.o)
                0x08003340                daisy::DaisySeed::ConfigureAudio()
 .text._ZN5daisy9DaisySeed4InitEb
                0x0800344c      0x108 ../../libDaisy/build\libdaisy.a(daisy_seed.o)
                0x0800344c                daisy::DaisySeed::Init(bool)
 .text._ZN5daisy6Ak45564InitE12dsy_gpio_pin
                0x08003554       0x44 ../../libDaisy/build\libdaisy.a(codec_ak4556.o)
                0x08003554                daisy::Ak4556::Init(dsy_gpio_pin)
 .text._ZN5daisy6Wm873120WriteControlRegisterEht
                0x08003598       0x3c ../../libDaisy/build\libdaisy.a(codec_wm8731.o)
                0x08003598                daisy::Wm8731::WriteControlRegister(unsigned char, unsigned short)
 .text._ZN5daisy6Wm87314InitERKNS0_6ConfigENS_9I2CHandleE
                0x080035d4      0x1bc ../../libDaisy/build\libdaisy.a(codec_wm8731.o)
                0x080035d4                daisy::Wm8731::Init(daisy::Wm8731::Config const&, daisy::I2CHandle)
 .text._ZN11SdramHandle10DeviceInitEv
                0x08003790       0x98 ../../libDaisy/build\libdaisy.a(sdram.o)
                0x08003790                SdramHandle::DeviceInit()
 .text._ZN11SdramHandle4InitEv
                0x08003828       0x7c ../../libDaisy/build\libdaisy.a(sdram.o)
                0x08003828                SdramHandle::Init()
 .text.HAL_SDRAM_MspInit
                0x080038a4      0x1a8 ../../libDaisy/build\libdaisy.a(sdram.o)
                0x080038a4                HAL_SDRAM_MspInit
 .text._ZN5daisy11AudioHandle4Impl16InternalCallbackEPlS2_j
                0x08003a4c      0xbbc ../../libDaisy/build\libdaisy.a(audio.o)
                0x08003a4c                daisy::AudioHandle::Impl::InternalCallback(long*, long*, unsigned int)
 .text._ZN5daisy11AudioHandle4InitERKNS0_6ConfigENS_9SaiHandleE
                0x08004608       0x70 ../../libDaisy/build\libdaisy.a(audio.o)
                0x08004608                daisy::AudioHandle::Init(daisy::AudioHandle::Config const&, daisy::SaiHandle)
 .text._ZNK5daisy11AudioHandle9GetConfigEv
                0x08004678        0x8 ../../libDaisy/build\libdaisy.a(audio.o)
                0x08004678                daisy::AudioHandle::GetConfig() const
 .text._ZN5daisy11AudioHandle12SetBlockSizeEj
                0x08004680       0x1c ../../libDaisy/build\libdaisy.a(audio.o)
                0x08004680                daisy::AudioHandle::SetBlockSize(unsigned int)
 .text._ZN5daisy11AudioHandle13GetSampleRateEv
                0x0800469c        0x8 ../../libDaisy/build\libdaisy.a(audio.o)
                0x0800469c                daisy::AudioHandle::GetSampleRate()
 .text._ZN5daisy11AudioHandle13SetSampleRateENS_9SaiHandle6Config10SampleRateE
                0x080046a4       0x88 ../../libDaisy/build\libdaisy.a(audio.o)
                0x080046a4                daisy::AudioHandle::SetSampleRate(daisy::SaiHandle::Config::SampleRate)
 .text._ZN5daisy11AudioHandle5StartEPFvPKPKfPPfjE
                0x0800472c       0x44 ../../libDaisy/build\libdaisy.a(audio.o)
                0x0800472c                daisy::AudioHandle::Start(void (*)(float const* const*, float**, unsigned int))
 .text.startup._GLOBAL__sub_I__ZN5daisy11AudioHandle4Impl4InitENS0_6ConfigENS_9SaiHandleE
                0x08004770       0x24 ../../libDaisy/build\libdaisy.a(audio.o)
 .text._ZN5daisy6Switch4InitE12dsy_gpio_pinfNS0_4TypeENS0_8PolarityENS0_4PullE
                0x08004794       0x6c ../../libDaisy/build\libdaisy.a(switch.o)
                0x08004794                daisy::Switch::Init(dsy_gpio_pin, float, daisy::Switch::Type, daisy::Switch::Polarity, daisy::Switch::Pull)
 .text._ZN5daisy6Switch8DebounceEv
                0x08004800       0x5c ../../libDaisy/build\libdaisy.a(switch.o)
                0x08004800                daisy::Switch::Debounce()
 .text._ZN5daisy16AdcChannelConfig10InitSingleE12dsy_gpio_pinNS0_15ConversionSpeedE
                0x0800485c       0x28 ../../libDaisy/build\libdaisy.a(adc.o)
                0x0800485c                daisy::AdcChannelConfig::InitSingle(dsy_gpio_pin, daisy::AdcChannelConfig::ConversionSpeed)
 .text._ZN5daisy9AdcHandle4InitEPNS_16AdcChannelConfigEjNS0_12OverSamplingE
                0x08004884      0x41c ../../libDaisy/build\libdaisy.a(adc.o)
                0x08004884                daisy::AdcHandle::Init(daisy::AdcChannelConfig*, unsigned int, daisy::AdcHandle::OverSampling)
 .text._ZN5daisy9AdcHandle5StartEv
                0x08004ca0       0x2c ../../libDaisy/build\libdaisy.a(adc.o)
                0x08004ca0                daisy::AdcHandle::Start()
 .text._ZNK5daisy9AdcHandle8GetFloatEh
                0x08004ccc       0x20 ../../libDaisy/build\libdaisy.a(adc.o)
                0x08004ccc                daisy::AdcHandle::GetFloat(unsigned char) const
 .text.HAL_ADC_MspInit
                0x08004cec       0x98 ../../libDaisy/build\libdaisy.a(adc.o)
                0x08004cec                HAL_ADC_MspInit
 .text.DMA1_Stream2_IRQHandler
                0x08004d84        0xc ../../libDaisy/build\libdaisy.a(adc.o)
                0x08004d84                DMA1_Stream2_IRQHandler
 .text.HAL_ADC_ConvCpltCallback
                0x08004d90      0x148 ../../libDaisy/build\libdaisy.a(adc.o)
                0x08004d90                HAL_ADC_ConvCpltCallback
 .text.HAL_ADC_ErrorCallback
                0x08004ed8        0x4 ../../libDaisy/build\libdaisy.a(adc.o)
                0x08004ed8                HAL_ADC_ErrorCallback
 .text._ZN5daisy4GPIO4InitENS_3PinENS0_4ModeENS0_4PullENS0_5SpeedE
                0x08004edc      0x1cc ../../libDaisy/build\libdaisy.a(gpio.o)
                0x08004edc                daisy::GPIO::Init(daisy::Pin, daisy::GPIO::Mode, daisy::GPIO::Pull, daisy::GPIO::Speed)
 .text._ZN5daisy4GPIO4ReadEv
                0x080050a8       0x18 ../../libDaisy/build\libdaisy.a(gpio.o)
                0x080050a8                daisy::GPIO::Read()
 .text._ZN5daisy4GPIO5WriteEb
                0x080050c0       0x14 ../../libDaisy/build\libdaisy.a(gpio.o)
                0x080050c0                daisy::GPIO::Write(bool)
 .text.dsy_gpio_init
                0x080050d4      0x1b8 ../../libDaisy/build\libdaisy.a(gpio.o)
                0x080050d4                dsy_gpio_init
 .text.dsy_gpio_read
                0x0800528c       0x1c ../../libDaisy/build\libdaisy.a(gpio.o)
                0x0800528c                dsy_gpio_read
 .text.dsy_gpio_write
                0x080052a8       0x24 ../../libDaisy/build\libdaisy.a(gpio.o)
                0x080052a8                dsy_gpio_write
 .text._ZN5daisy9I2CHandle4Impl8InitPinsEv
                0x080052cc       0x58 ../../libDaisy/build\libdaisy.a(i2c.o)
                0x080052cc                daisy::I2CHandle::Impl::InitPins()
 .text.HAL_I2C_MspInit
                0x08005324      0x1b4 ../../libDaisy/build\libdaisy.a(i2c.o)
                0x08005324                HAL_I2C_MspInit
 .text.dsy_i2c_global_init
                0x080054d8       0x78 ../../libDaisy/build\libdaisy.a(i2c.o)
                0x080054d8                dsy_i2c_global_init
 .text.DMA1_Stream6_IRQHandler
                0x08005550       0x34 ../../libDaisy/build\libdaisy.a(i2c.o)
                0x08005550                DMA1_Stream6_IRQHandler
 .text.I2C1_EV_IRQHandler
                0x08005584        0xc ../../libDaisy/build\libdaisy.a(i2c.o)
                0x08005584                I2C1_EV_IRQHandler
 .text.I2C2_EV_IRQHandler
                0x08005590        0xc ../../libDaisy/build\libdaisy.a(i2c.o)
                0x08005590                I2C2_EV_IRQHandler
 .text.I2C3_EV_IRQHandler
                0x0800559c        0xc ../../libDaisy/build\libdaisy.a(i2c.o)
                0x0800559c                I2C3_EV_IRQHandler
 .text._ZN5daisy9I2CHandle4InitERKNS0_6ConfigE
                0x080055a8      0x12c ../../libDaisy/build\libdaisy.a(i2c.o)
                0x080055a8                daisy::I2CHandle::Init(daisy::I2CHandle::Config const&)
 .text._ZN5daisy9I2CHandle16TransmitBlockingEtPhtm
                0x080056d4       0x50 ../../libDaisy/build\libdaisy.a(i2c.o)
                0x080056d4                daisy::I2CHandle::TransmitBlocking(unsigned short, unsigned char*, unsigned short, unsigned long)
 .text.startup._GLOBAL__sub_I__ZN5daisy9I2CHandle4Impl10GlobalInitEv
                0x08005724       0x18 ../../libDaisy/build\libdaisy.a(i2c.o)
 .text._ZN5daisy10QSPIHandle4Impl11WriteEnableEv
                0x0800573c       0x8c ../../libDaisy/build\libdaisy.a(qspi.o)
                0x0800573c                daisy::QSPIHandle::Impl::WriteEnable()
 .text._ZN5daisy10QSPIHandle4Impl17DummyCyclesConfigENS0_6Config6DeviceE
                0x080057c8      0x118 ../../libDaisy/build\libdaisy.a(qspi.o)
                0x080057c8                daisy::QSPIHandle::Impl::DummyCyclesConfig(daisy::QSPIHandle::Config::Device)
 .text._ZN5daisy10QSPIHandle4Impl10QuadEnableEv
                0x080058e0      0x158 ../../libDaisy/build\libdaisy.a(qspi.o)
                0x080058e0                daisy::QSPIHandle::Impl::QuadEnable()
 .text._ZN5daisy10QSPIHandle4InitERKNS0_6ConfigE
                0x08005a38      0x198 ../../libDaisy/build\libdaisy.a(qspi.o)
                0x08005a38                daisy::QSPIHandle::Init(daisy::QSPIHandle::Config const&)
 .text.HAL_QSPI_MspInit
                0x08005bd0      0x11c ../../libDaisy/build\libdaisy.a(qspi.o)
                0x08005bd0                HAL_QSPI_MspInit
 .text.HAL_QSPI_MspDeInit
                0x08005cec       0x54 ../../libDaisy/build\libdaisy.a(qspi.o)
                0x08005cec                HAL_QSPI_MspDeInit
 .text.QUADSPI_IRQHandler
                0x08005d40        0xc ../../libDaisy/build\libdaisy.a(qspi.o)
                0x08005d40                QUADSPI_IRQHandler
 .text.startup._GLOBAL__sub_I__ZN5daisy10QSPIHandle4Impl4InitERKNS0_6ConfigE
                0x08005d4c       0x28 ../../libDaisy/build\libdaisy.a(qspi.o)
 .text._ZN5daisy9SaiHandle4Impl7InitDmaENS1_15PeripheralBlockE
                0x08005d74       0xa0 ../../libDaisy/build\libdaisy.a(sai.o)
                0x08005d74                daisy::SaiHandle::Impl::InitDma(daisy::SaiHandle::Impl::PeripheralBlock)
 .text._ZN5daisy9SaiHandle4Impl8InitPinsEv
                0x08005e14       0xa8 ../../libDaisy/build\libdaisy.a(sai.o)
                0x08005e14                daisy::SaiHandle::Impl::InitPins()
 .text.HAL_SAI_MspInit
                0x08005ebc      0x164 ../../libDaisy/build\libdaisy.a(sai.o)
                0x08005ebc                HAL_SAI_MspInit
 .text.DMA1_Stream0_IRQHandler
                0x08006020        0xc ../../libDaisy/build\libdaisy.a(sai.o)
                0x08006020                DMA1_Stream0_IRQHandler
 .text.DMA1_Stream1_IRQHandler
                0x0800602c        0xc ../../libDaisy/build\libdaisy.a(sai.o)
                0x0800602c                DMA1_Stream1_IRQHandler
 .text.DMA1_Stream3_IRQHandler
                0x08006038        0xc ../../libDaisy/build\libdaisy.a(sai.o)
                0x08006038                DMA1_Stream3_IRQHandler
 .text.DMA1_Stream4_IRQHandler
                0x08006044        0xc ../../libDaisy/build\libdaisy.a(sai.o)
                0x08006044                DMA1_Stream4_IRQHandler
 .text.HAL_SAI_RxHalfCpltCallback
                0x08006050       0x78 ../../libDaisy/build\libdaisy.a(sai.o)
                0x08006050                HAL_SAI_RxHalfCpltCallback
 .text.HAL_SAI_RxCpltCallback
                0x080060c8       0x70 ../../libDaisy/build\libdaisy.a(sai.o)
                0x080060c8                HAL_SAI_RxCpltCallback
 .text._ZN5daisy9SaiHandle4InitERKNS0_6ConfigE
                0x08006138      0x1f0 ../../libDaisy/build\libdaisy.a(sai.o)
                0x08006138                daisy::SaiHandle::Init(daisy::SaiHandle::Config const&)
 .text._ZNK5daisy9SaiHandle9GetConfigEv
                0x08006328        0x4 ../../libDaisy/build\libdaisy.a(sai.o)
                0x08006328                daisy::SaiHandle::GetConfig() const
 .text._ZN5daisy9SaiHandle8StartDmaEPlS1_jPFvS1_S1_jE
                0x0800632c       0xbc ../../libDaisy/build\libdaisy.a(sai.o)
                0x0800632c                daisy::SaiHandle::StartDma(long*, long*, unsigned int, void (*)(long*, long*, unsigned int))
 .text._ZN5daisy9SaiHandle13GetSampleRateEv
                0x080063e8       0x24 ../../libDaisy/build\libdaisy.a(sai.o)
                0x080063e8                daisy::SaiHandle::GetSampleRate()
 .text._ZNK5daisy9SaiHandle9GetOffsetEv
                0x0800640c        0x8 ../../libDaisy/build\libdaisy.a(sai.o)
                0x0800640c                daisy::SaiHandle::GetOffset() const
 .text._ZN5daisy11TimerHandleD2Ev
                0x08006414        0x4 ../../libDaisy/build\libdaisy.a(system.o)
                0x08006414                daisy::TimerHandle::~TimerHandle()
                0x08006414                daisy::TimerHandle::~TimerHandle()
 .text.SysTick_Handler
                0x08006418       0x10 ../../libDaisy/build\libdaisy.a(system.o)
                0x08006418                SysTick_Handler
 .text.OTG_HS_EP1_OUT_IRQHandler
                0x08006428       0x24 ../../libDaisy/build\libdaisy.a(system.o)
                0x08006428                OTG_HS_EP1_OUT_IRQHandler
 .text.OTG_HS_EP1_IN_IRQHandler
                0x0800644c       0x24 ../../libDaisy/build\libdaisy.a(system.o)
                0x0800644c                OTG_HS_EP1_IN_IRQHandler
 .text.OTG_HS_IRQHandler
                0x08006470       0x24 ../../libDaisy/build\libdaisy.a(system.o)
                0x08006470                OTG_HS_IRQHandler
 .text.HardFault_Handler
                0x08006494       0xe0 ../../libDaisy/build\libdaisy.a(system.o)
                0x08006494                HardFault_Handler
 .text._ZN5daisy6System6GetNowEv
                0x08006574        0x4 ../../libDaisy/build\libdaisy.a(system.o)
                0x08006574                daisy::System::GetNow()
 .text._ZN5daisy6System5DelayEm
                0x08006578        0x4 ../../libDaisy/build\libdaisy.a(system.o)
                0x08006578                daisy::System::Delay(unsigned long)
 .text._ZN5daisy6System20GetBootloaderVersionEv
                0x0800657c       0x34 ../../libDaisy/build\libdaisy.a(system.o)
                0x0800657c                daisy::System::GetBootloaderVersion()
 .text._ZN5daisy6System15ConfigureClocksEv
                0x080065b0      0x194 ../../libDaisy/build\libdaisy.a(system.o)
                0x080065b0                daisy::System::ConfigureClocks()
 .text._ZN5daisy6System12ConfigureMpuEv
                0x08006744       0x7c ../../libDaisy/build\libdaisy.a(system.o)
                0x08006744                daisy::System::ConfigureMpu()
 .text._ZN5daisy6System4InitERKNS0_6ConfigE
                0x080067c0       0xec ../../libDaisy/build\libdaisy.a(system.o)
                0x080067c0                daisy::System::Init(daisy::System::Config const&)
 .text._ZN5daisy6System12GetPClk1FreqEv
                0x080068ac        0x4 ../../libDaisy/build\libdaisy.a(system.o)
                0x080068ac                daisy::System::GetPClk1Freq()
 .text._ZN5daisy6System22GetProgramMemoryRegionEv
                0x080068b0       0x78 ../../libDaisy/build\libdaisy.a(system.o)
                0x080068b0                daisy::System::GetProgramMemoryRegion()
 .text.startup._GLOBAL__sub_I__ZN5daisy9boot_infoE
                0x08006928       0x1c ../../libDaisy/build\libdaisy.a(system.o)
 .text.SystemInit
                0x08006944       0x9c ../../libDaisy/build\libdaisy.a(system_stm32h7xx.o)
                0x08006944                SystemInit
 .text.HAL_PCD_SetupStageCallback
                0x080069e0        0xc ../../libDaisy/build\libdaisy.a(usbd_conf.o)
                0x080069e0                HAL_PCD_SetupStageCallback
 .text.HAL_PCD_DataOutStageCallback
                0x080069ec       0x14 ../../libDaisy/build\libdaisy.a(usbd_conf.o)
                0x080069ec                HAL_PCD_DataOutStageCallback
 .text.HAL_PCD_DataInStageCallback
                0x08006a00       0x14 ../../libDaisy/build\libdaisy.a(usbd_conf.o)
                0x08006a00                HAL_PCD_DataInStageCallback
 .text.HAL_PCD_SOFCallback
                0x08006a14        0x8 ../../libDaisy/build\libdaisy.a(usbd_conf.o)
                0x08006a14                HAL_PCD_SOFCallback
 .text.HAL_PCD_ResetCallback
                0x08006a1c       0x24 ../../libDaisy/build\libdaisy.a(usbd_conf.o)
                0x08006a1c                HAL_PCD_ResetCallback
 .text.HAL_PCD_SuspendCallback
                0x08006a40       0x30 ../../libDaisy/build\libdaisy.a(usbd_conf.o)
                0x08006a40                HAL_PCD_SuspendCallback
 .text.HAL_PCD_ResumeCallback
                0x08006a70        0x8 ../../libDaisy/build\libdaisy.a(usbd_conf.o)
                0x08006a70                HAL_PCD_ResumeCallback
 .text.HAL_PCD_ISOOUTIncompleteCallback
                0x08006a78        0x8 ../../libDaisy/build\libdaisy.a(usbd_conf.o)
                0x08006a78                HAL_PCD_ISOOUTIncompleteCallback
 .text.HAL_PCD_ISOINIncompleteCallback
                0x08006a80        0x8 ../../libDaisy/build\libdaisy.a(usbd_conf.o)
                0x08006a80                HAL_PCD_ISOINIncompleteCallback
 .text.HAL_PCD_ConnectCallback
                0x08006a88        0x8 ../../libDaisy/build\libdaisy.a(usbd_conf.o)
                0x08006a88                HAL_PCD_ConnectCallback
 .text.HAL_PCD_DisconnectCallback
                0x08006a90        0x8 ../../libDaisy/build\libdaisy.a(usbd_conf.o)
                0x08006a90                HAL_PCD_DisconnectCallback
 .text.USBD_LL_OpenEP
                0x08006a98       0x24 ../../libDaisy/build\libdaisy.a(usbd_conf.o)
                0x08006a98                USBD_LL_OpenEP
 .text.USBD_LL_StallEP
                0x08006abc       0x1c ../../libDaisy/build\libdaisy.a(usbd_conf.o)
                0x08006abc                USBD_LL_StallEP
 .text.USBD_LL_ClearStallEP
                0x08006ad8       0x1c ../../libDaisy/build\libdaisy.a(usbd_conf.o)
                0x08006ad8                USBD_LL_ClearStallEP
 .text.USBD_LL_IsStallEP
                0x08006af4       0x28 ../../libDaisy/build\libdaisy.a(usbd_conf.o)
                0x08006af4                USBD_LL_IsStallEP
 .text.USBD_LL_SetUSBAddress
                0x08006b1c       0x1c ../../libDaisy/build\libdaisy.a(usbd_conf.o)
                0x08006b1c                USBD_LL_SetUSBAddress
 .text.USBD_LL_Transmit
                0x08006b38       0x1c ../../libDaisy/build\libdaisy.a(usbd_conf.o)
                0x08006b38                USBD_LL_Transmit
 .text.USBD_LL_PrepareReceive
                0x08006b54       0x1c ../../libDaisy/build\libdaisy.a(usbd_conf.o)
                0x08006b54                USBD_LL_PrepareReceive
 .text.HAL_HCD_SOF_Callback
                0x08006b70        0x8 ../../libDaisy/build\libdaisy.a(usbh_conf.o)
                0x08006b70                HAL_HCD_SOF_Callback
 .text.HAL_HCD_Connect_Callback
                0x08006b78        0x8 ../../libDaisy/build\libdaisy.a(usbh_conf.o)
                0x08006b78                HAL_HCD_Connect_Callback
 .text.HAL_HCD_Disconnect_Callback
                0x08006b80        0x8 ../../libDaisy/build\libdaisy.a(usbh_conf.o)
                0x08006b80                HAL_HCD_Disconnect_Callback
 .text.HAL_HCD_HC_NotifyURBChange_Callback
                0x08006b88        0x4 ../../libDaisy/build\libdaisy.a(usbh_conf.o)
                0x08006b88                HAL_HCD_HC_NotifyURBChange_Callback
 .text.HAL_HCD_PortEnabled_Callback
                0x08006b8c        0x8 ../../libDaisy/build\libdaisy.a(usbh_conf.o)
                0x08006b8c                HAL_HCD_PortEnabled_Callback
 .text.HAL_HCD_PortDisabled_Callback
                0x08006b94        0x8 ../../libDaisy/build\libdaisy.a(usbh_conf.o)
                0x08006b94                HAL_HCD_PortDisabled_Callback
 .text.USBH_LL_Stop
                0x08006b9c       0x1c ../../libDaisy/build\libdaisy.a(usbh_conf.o)
                0x08006b9c                USBH_LL_Stop
 .text.dsy_hal_map_get_port
                0x08006bb8       0x10 ../../libDaisy/build\libdaisy.a(hal_map.o)
                0x08006bb8                dsy_hal_map_get_port
 .text.dsy_hal_map_get_pin
                0x08006bc8       0x10 ../../libDaisy/build\libdaisy.a(hal_map.o)
                0x08006bc8                dsy_hal_map_get_pin
 .text.dsy_hal_map_gpio_clk_enable
                0x08006bd8      0x150 ../../libDaisy/build\libdaisy.a(hal_map.o)
                0x08006bd8                dsy_hal_map_gpio_clk_enable
 .text.HAL_MspInit
                0x08006d28        0x4 ../../libDaisy/build\libdaisy.a(stm32h7xx_hal.o)
                0x08006d28                HAL_MspInit
 .text.HAL_InitTick
                0x08006d2c       0x4c ../../libDaisy/build\libdaisy.a(stm32h7xx_hal.o)
                0x08006d2c                HAL_InitTick
 .text.HAL_Init
                0x08006d78       0x60 ../../libDaisy/build\libdaisy.a(stm32h7xx_hal.o)
                0x08006d78                HAL_Init
 .text.HAL_IncTick
                0x08006dd8       0x18 ../../libDaisy/build\libdaisy.a(stm32h7xx_hal.o)
                0x08006dd8                HAL_IncTick
 .text.HAL_GetTick
                0x08006df0        0xc ../../libDaisy/build\libdaisy.a(stm32h7xx_hal.o)
                0x08006df0                HAL_GetTick
 .text.HAL_Delay
                0x08006dfc       0x24 ../../libDaisy/build\libdaisy.a(stm32h7xx_hal.o)
                0x08006dfc                HAL_Delay
 .text.HAL_GetREVID
                0x08006e20        0xc ../../libDaisy/build\libdaisy.a(stm32h7xx_hal.o)
                0x08006e20                HAL_GetREVID
 .text.HAL_ADC_ConvHalfCpltCallback
                0x08006e2c        0x4 ../../libDaisy/build\libdaisy.a(stm32h7xx_hal_adc.o)
                0x08006e2c                HAL_ADC_ConvHalfCpltCallback
 .text.ADC_DMAHalfConvCplt
                0x08006e30        0xc ../../libDaisy/build\libdaisy.a(stm32h7xx_hal_adc.o)
                0x08006e30                ADC_DMAHalfConvCplt
 .text.ADC_DMAConvCplt
                0x08006e3c       0x6c ../../libDaisy/build\libdaisy.a(stm32h7xx_hal_adc.o)
                0x08006e3c                ADC_DMAConvCplt
 .text.ADC_DMAError
                0x08006ea8       0x1c ../../libDaisy/build\libdaisy.a(stm32h7xx_hal_adc.o)
                0x08006ea8                ADC_DMAError
 .text.HAL_ADC_ConfigChannel
                0x08006ec4      0x3fc ../../libDaisy/build\libdaisy.a(stm32h7xx_hal_adc.o)
                0x08006ec4                HAL_ADC_ConfigChannel
 .text.ADC_Enable
                0x080072c0       0xac ../../libDaisy/build\libdaisy.a(stm32h7xx_hal_adc.o)
                0x080072c0                ADC_Enable
 .text.HAL_ADC_Start_DMA
                0x0800736c      0x114 ../../libDaisy/build\libdaisy.a(stm32h7xx_hal_adc.o)
                0x0800736c                HAL_ADC_Start_DMA
 .text.ADC_Disable
                0x08007480       0x68 ../../libDaisy/build\libdaisy.a(stm32h7xx_hal_adc.o)
                0x08007480                ADC_Disable
 .text.ADC_ConfigureBoostMode
                0x080074e8      0x184 ../../libDaisy/build\libdaisy.a(stm32h7xx_hal_adc.o)
                0x080074e8                ADC_ConfigureBoostMode
 .text.HAL_ADC_Init
                0x0800766c      0x218 ../../libDaisy/build\libdaisy.a(stm32h7xx_hal_adc.o)
                0x0800766c                HAL_ADC_Init
 .text.HAL_ADCEx_Calibration_Start
                0x08007884       0xa4 ../../libDaisy/build\libdaisy.a(stm32h7xx_hal_adc_ex.o)
                0x08007884                HAL_ADCEx_Calibration_Start
 .text.HAL_ADCEx_MultiModeConfigChannel
                0x08007928       0xc4 ../../libDaisy/build\libdaisy.a(stm32h7xx_hal_adc_ex.o)
                0x08007928                HAL_ADCEx_MultiModeConfigChannel
 .text.HAL_NVIC_SetPriorityGrouping
                0x080079ec       0x24 ../../libDaisy/build\libdaisy.a(stm32h7xx_hal_cortex.o)
                0x080079ec                HAL_NVIC_SetPriorityGrouping
 .text.HAL_NVIC_SetPriority
                0x08007a10       0x7c ../../libDaisy/build\libdaisy.a(stm32h7xx_hal_cortex.o)
                0x08007a10                HAL_NVIC_SetPriority
 .text.HAL_NVIC_EnableIRQ
                0x08007a8c       0x1c ../../libDaisy/build\libdaisy.a(stm32h7xx_hal_cortex.o)
                0x08007a8c                HAL_NVIC_EnableIRQ
 .text.HAL_NVIC_DisableIRQ
                0x08007aa8       0x28 ../../libDaisy/build\libdaisy.a(stm32h7xx_hal_cortex.o)
                0x08007aa8                HAL_NVIC_DisableIRQ
 .text.HAL_SYSTICK_Config
                0x08007ad0       0x2c ../../libDaisy/build\libdaisy.a(stm32h7xx_hal_cortex.o)
                0x08007ad0                HAL_SYSTICK_Config
 .text.HAL_MPU_Disable
                0x08007afc       0x1c ../../libDaisy/build\libdaisy.a(stm32h7xx_hal_cortex.o)
                0x08007afc                HAL_MPU_Disable
 .text.HAL_MPU_Enable
                0x08007b18       0x20 ../../libDaisy/build\libdaisy.a(stm32h7xx_hal_cortex.o)
                0x08007b18                HAL_MPU_Enable
 .text.HAL_MPU_ConfigRegion
                0x08007b38       0x64 ../../libDaisy/build\libdaisy.a(stm32h7xx_hal_cortex.o)
                0x08007b38                HAL_MPU_ConfigRegion
 .text.HAL_SYSTICK_Callback
                0x08007b9c        0x4 ../../libDaisy/build\libdaisy.a(stm32h7xx_hal_cortex.o)
                0x08007b9c                HAL_SYSTICK_Callback
 .text.HAL_SYSTICK_IRQHandler
                0x08007ba0        0x8 ../../libDaisy/build\libdaisy.a(stm32h7xx_hal_cortex.o)
                0x08007ba0                HAL_SYSTICK_IRQHandler
 .text.DMA_CalcBaseAndBitshift
                0x08007ba8       0xf4 ../../libDaisy/build\libdaisy.a(stm32h7xx_hal_dma.o)
 .text.DMA_CalcDMAMUXChannelBaseAndMask
                0x08007c9c       0xd8 ../../libDaisy/build\libdaisy.a(stm32h7xx_hal_dma.o)
 .text.HAL_DMA_Init
                0x08007d74      0x37c ../../libDaisy/build\libdaisy.a(stm32h7xx_hal_dma.o)
                0x08007d74                HAL_DMA_Init
 .text.HAL_DMA_Start_IT
                0x080080f0      0x240 ../../libDaisy/build\libdaisy.a(stm32h7xx_hal_dma.o)
                0x080080f0                HAL_DMA_Start_IT
 .text.HAL_DMA_Abort_IT
                0x08008330      0x134 ../../libDaisy/build\libdaisy.a(stm32h7xx_hal_dma.o)
                0x08008330                HAL_DMA_Abort_IT
 .text.HAL_DMA_IRQHandler
                0x08008464      0x6a0 ../../libDaisy/build\libdaisy.a(stm32h7xx_hal_dma.o)
                0x08008464                HAL_DMA_IRQHandler
 .text.HAL_DMA_GetError
                0x08008b04        0x4 ../../libDaisy/build\libdaisy.a(stm32h7xx_hal_dma.o)
                0x08008b04                HAL_DMA_GetError
 .text.HAL_GPIO_Init
                0x08008b08      0x280 ../../libDaisy/build\libdaisy.a(stm32h7xx_hal_gpio.o)
                0x08008b08                HAL_GPIO_Init
 .text.HAL_GPIO_DeInit
                0x08008d88      0x190 ../../libDaisy/build\libdaisy.a(stm32h7xx_hal_gpio.o)
                0x08008d88                HAL_GPIO_DeInit
 .text.HAL_GPIO_ReadPin
                0x08008f18        0xc ../../libDaisy/build\libdaisy.a(stm32h7xx_hal_gpio.o)
                0x08008f18                HAL_GPIO_ReadPin
 .text.HAL_GPIO_WritePin
                0x08008f24        0x8 ../../libDaisy/build\libdaisy.a(stm32h7xx_hal_gpio.o)
                0x08008f24                HAL_GPIO_WritePin
 .text.HAL_HCD_IRQHandler
                0x08008f2c      0x780 ../../libDaisy/build\libdaisy.a(stm32h7xx_hal_hcd.o)
                0x08008f2c                HAL_HCD_IRQHandler
 .text.HAL_HCD_Stop
                0x080096ac       0x28 ../../libDaisy/build\libdaisy.a(stm32h7xx_hal_hcd.o)
                0x080096ac                HAL_HCD_Stop
 .text.I2C_WaitOnTXISFlagUntilTimeout
                0x080096d4       0xb8 ../../libDaisy/build\libdaisy.a(stm32h7xx_hal_i2c.o)
 .text.I2C_WaitOnSTOPFlagUntilTimeout
                0x0800978c       0xac ../../libDaisy/build\libdaisy.a(stm32h7xx_hal_i2c.o)
 .text.HAL_I2C_Init
                0x08009838       0xac ../../libDaisy/build\libdaisy.a(stm32h7xx_hal_i2c.o)
                0x08009838                HAL_I2C_Init
 .text.HAL_I2C_Master_Transmit
                0x080098e4      0x1a8 ../../libDaisy/build\libdaisy.a(stm32h7xx_hal_i2c.o)
                0x080098e4                HAL_I2C_Master_Transmit
 .text.HAL_I2C_Slave_Transmit
                0x08009a8c      0x1c8 ../../libDaisy/build\libdaisy.a(stm32h7xx_hal_i2c.o)
                0x08009a8c                HAL_I2C_Slave_Transmit
 .text.HAL_I2C_EV_IRQHandler
                0x08009c54       0x10 ../../libDaisy/build\libdaisy.a(stm32h7xx_hal_i2c.o)
                0x08009c54                HAL_I2C_EV_IRQHandler
 .text.HAL_I2C_GetState
                0x08009c64        0x8 ../../libDaisy/build\libdaisy.a(stm32h7xx_hal_i2c.o)
                0x08009c64                HAL_I2C_GetState
 .text.HAL_I2CEx_ConfigAnalogFilter
                0x08009c6c       0x54 ../../libDaisy/build\libdaisy.a(stm32h7xx_hal_i2c_ex.o)
                0x08009c6c                HAL_I2CEx_ConfigAnalogFilter
 .text.HAL_I2CEx_ConfigDigitalFilter
                0x08009cc0       0x58 ../../libDaisy/build\libdaisy.a(stm32h7xx_hal_i2c_ex.o)
                0x08009cc0                HAL_I2CEx_ConfigDigitalFilter
 .text.HAL_PCD_IRQHandler
                0x08009d18      0x69c ../../libDaisy/build\libdaisy.a(stm32h7xx_hal_pcd.o)
                0x08009d18                HAL_PCD_IRQHandler
 .text.HAL_PCD_SetAddress
                0x0800a3b4       0x2c ../../libDaisy/build\libdaisy.a(stm32h7xx_hal_pcd.o)
                0x0800a3b4                HAL_PCD_SetAddress
 .text.HAL_PCD_EP_Open
                0x0800a3e0       0x7c ../../libDaisy/build\libdaisy.a(stm32h7xx_hal_pcd.o)
                0x0800a3e0                HAL_PCD_EP_Open
 .text.HAL_PCD_EP_Receive
                0x0800a45c       0x50 ../../libDaisy/build\libdaisy.a(stm32h7xx_hal_pcd.o)
                0x0800a45c                HAL_PCD_EP_Receive
 .text.HAL_PCD_EP_Transmit
                0x0800a4ac       0x50 ../../libDaisy/build\libdaisy.a(stm32h7xx_hal_pcd.o)
                0x0800a4ac                HAL_PCD_EP_Transmit
 .text.HAL_PCD_EP_SetStall
                0x0800a4fc       0x88 ../../libDaisy/build\libdaisy.a(stm32h7xx_hal_pcd.o)
                0x0800a4fc                HAL_PCD_EP_SetStall
 .text.HAL_PCD_EP_ClrStall
                0x0800a584       0x78 ../../libDaisy/build\libdaisy.a(stm32h7xx_hal_pcd.o)
                0x0800a584                HAL_PCD_EP_ClrStall
 .text.HAL_PCDEx_LPM_Callback
                0x0800a5fc        0x4 ../../libDaisy/build\libdaisy.a(stm32h7xx_hal_pcd_ex.o)
                0x0800a5fc                HAL_PCDEx_LPM_Callback
 .text.HAL_PWREx_ConfigSupply
                0x0800a600       0x4c ../../libDaisy/build\libdaisy.a(stm32h7xx_hal_pwr_ex.o)
                0x0800a600                HAL_PWREx_ConfigSupply
 .text.HAL_PWREx_EnableUSBVoltageDetector
                0x0800a64c       0x10 ../../libDaisy/build\libdaisy.a(stm32h7xx_hal_pwr_ex.o)
                0x0800a64c                HAL_PWREx_EnableUSBVoltageDetector
 .text.QSPI_Config
                0x0800a65c      0x174 ../../libDaisy/build\libdaisy.a(stm32h7xx_hal_qspi.o)
 .text.HAL_QSPI_Init
                0x0800a7d0       0xd8 ../../libDaisy/build\libdaisy.a(stm32h7xx_hal_qspi.o)
                0x0800a7d0                HAL_QSPI_Init
 .text.HAL_QSPI_DeInit
                0x0800a8a8       0x3c ../../libDaisy/build\libdaisy.a(stm32h7xx_hal_qspi.o)
                0x0800a8a8                HAL_QSPI_DeInit
 .text.HAL_QSPI_Command
                0x0800a8e4       0xd4 ../../libDaisy/build\libdaisy.a(stm32h7xx_hal_qspi.o)
                0x0800a8e4                HAL_QSPI_Command
 .text.HAL_QSPI_Transmit
                0x0800a9b8       0xfc ../../libDaisy/build\libdaisy.a(stm32h7xx_hal_qspi.o)
                0x0800a9b8                HAL_QSPI_Transmit
 .text.HAL_QSPI_Receive
                0x0800aab4      0x108 ../../libDaisy/build\libdaisy.a(stm32h7xx_hal_qspi.o)
                0x0800aab4                HAL_QSPI_Receive
 .text.HAL_QSPI_AutoPolling
                0x0800abbc       0xf0 ../../libDaisy/build\libdaisy.a(stm32h7xx_hal_qspi.o)
                0x0800abbc                HAL_QSPI_AutoPolling
 .text.HAL_QSPI_MemoryMapped
                0x0800acac       0xc0 ../../libDaisy/build\libdaisy.a(stm32h7xx_hal_qspi.o)
                0x0800acac                HAL_QSPI_MemoryMapped
 .text.HAL_QSPI_ErrorCallback
                0x0800ad6c        0x4 ../../libDaisy/build\libdaisy.a(stm32h7xx_hal_qspi.o)
                0x0800ad6c                HAL_QSPI_ErrorCallback
 .text.QSPI_DMAAbortCplt
                0x0800ad70       0x38 ../../libDaisy/build\libdaisy.a(stm32h7xx_hal_qspi.o)
 .text.HAL_QSPI_AbortCpltCallback
                0x0800ada8        0x4 ../../libDaisy/build\libdaisy.a(stm32h7xx_hal_qspi.o)
                0x0800ada8                HAL_QSPI_AbortCpltCallback
 .text.HAL_QSPI_CmdCpltCallback
                0x0800adac        0x4 ../../libDaisy/build\libdaisy.a(stm32h7xx_hal_qspi.o)
                0x0800adac                HAL_QSPI_CmdCpltCallback
 .text.HAL_QSPI_RxCpltCallback
                0x0800adb0        0x4 ../../libDaisy/build\libdaisy.a(stm32h7xx_hal_qspi.o)
                0x0800adb0                HAL_QSPI_RxCpltCallback
 .text.HAL_QSPI_TxCpltCallback
                0x0800adb4        0x4 ../../libDaisy/build\libdaisy.a(stm32h7xx_hal_qspi.o)
                0x0800adb4                HAL_QSPI_TxCpltCallback
 .text.HAL_QSPI_FifoThresholdCallback
                0x0800adb8        0x4 ../../libDaisy/build\libdaisy.a(stm32h7xx_hal_qspi.o)
                0x0800adb8                HAL_QSPI_FifoThresholdCallback
 .text.HAL_QSPI_StatusMatchCallback
                0x0800adbc        0x4 ../../libDaisy/build\libdaisy.a(stm32h7xx_hal_qspi.o)
                0x0800adbc                HAL_QSPI_StatusMatchCallback
 .text.HAL_QSPI_TimeOutCallback
                0x0800adc0        0x4 ../../libDaisy/build\libdaisy.a(stm32h7xx_hal_qspi.o)
                0x0800adc0                HAL_QSPI_TimeOutCallback
 .text.HAL_QSPI_IRQHandler
                0x0800adc4      0x210 ../../libDaisy/build\libdaisy.a(stm32h7xx_hal_qspi.o)
                0x0800adc4                HAL_QSPI_IRQHandler
 .text.HAL_RCC_OscConfig
                0x0800afd4      0x51c ../../libDaisy/build\libdaisy.a(stm32h7xx_hal_rcc.o)
                0x0800afd4                HAL_RCC_OscConfig
 .text.HAL_RCC_GetSysClockFreq
                0x0800b4f0      0x140 ../../libDaisy/build\libdaisy.a(stm32h7xx_hal_rcc.o)
                0x0800b4f0                HAL_RCC_GetSysClockFreq
 .text.HAL_RCC_ClockConfig
                0x0800b630      0x234 ../../libDaisy/build\libdaisy.a(stm32h7xx_hal_rcc.o)
                0x0800b630                HAL_RCC_ClockConfig
 .text.HAL_RCC_GetHCLKFreq
                0x0800b864       0x2c ../../libDaisy/build\libdaisy.a(stm32h7xx_hal_rcc.o)
                0x0800b864                HAL_RCC_GetHCLKFreq
 .text.HAL_RCC_GetPCLK1Freq
                0x0800b890       0x38 ../../libDaisy/build\libdaisy.a(stm32h7xx_hal_rcc.o)
                0x0800b890                HAL_RCC_GetPCLK1Freq
 .text.HAL_RCC_GetPCLK2Freq
                0x0800b8c8       0x38 ../../libDaisy/build\libdaisy.a(stm32h7xx_hal_rcc.o)
                0x0800b8c8                HAL_RCC_GetPCLK2Freq
 .text.RCCEx_PLL2_Config
                0x0800b900       0xf4 ../../libDaisy/build\libdaisy.a(stm32h7xx_hal_rcc_ex.o)
 .text.RCCEx_PLL3_Config
                0x0800b9f4       0xf4 ../../libDaisy/build\libdaisy.a(stm32h7xx_hal_rcc_ex.o)
 .text.HAL_RCCEx_PeriphCLKConfig
                0x0800bae8      0xa7c ../../libDaisy/build\libdaisy.a(stm32h7xx_hal_rcc_ex.o)
                0x0800bae8                HAL_RCCEx_PeriphCLKConfig
 .text.HAL_RCCEx_GetD3PCLK1Freq
                0x0800c564       0x24 ../../libDaisy/build\libdaisy.a(stm32h7xx_hal_rcc_ex.o)
                0x0800c564                HAL_RCCEx_GetD3PCLK1Freq
 .text.HAL_RCCEx_GetPLL2ClockFreq
                0x0800c588      0x17c ../../libDaisy/build\libdaisy.a(stm32h7xx_hal_rcc_ex.o)
                0x0800c588                HAL_RCCEx_GetPLL2ClockFreq
 .text.HAL_RCCEx_GetPLL3ClockFreq
                0x0800c704      0x17c ../../libDaisy/build\libdaisy.a(stm32h7xx_hal_rcc_ex.o)
                0x0800c704                HAL_RCCEx_GetPLL3ClockFreq
 .text.HAL_RCCEx_GetPLL1ClockFreq
                0x0800c880      0x17c ../../libDaisy/build\libdaisy.a(stm32h7xx_hal_rcc_ex.o)
                0x0800c880                HAL_RCCEx_GetPLL1ClockFreq
 .text.HAL_RCCEx_GetPeriphCLKFreq
                0x0800c9fc      0x198 ../../libDaisy/build\libdaisy.a(stm32h7xx_hal_rcc_ex.o)
                0x0800c9fc                HAL_RCCEx_GetPeriphCLKFreq
 .text.HAL_RCCEx_GetD1SysClockFreq
                0x0800cb94       0x2c ../../libDaisy/build\libdaisy.a(stm32h7xx_hal_rcc_ex.o)
                0x0800cb94                HAL_RCCEx_GetD1SysClockFreq
 .text.HAL_SAI_Init.part.0
                0x0800cbc0      0x348 ../../libDaisy/build\libdaisy.a(stm32h7xx_hal_sai.o)
 .text.HAL_SAI_InitProtocol
                0x0800cf08      0x178 ../../libDaisy/build\libdaisy.a(stm32h7xx_hal_sai.o)
                0x0800cf08                HAL_SAI_InitProtocol
 .text.HAL_SAI_Transmit_DMA
                0x0800d080      0x124 ../../libDaisy/build\libdaisy.a(stm32h7xx_hal_sai.o)
                0x0800d080                HAL_SAI_Transmit_DMA
 .text.HAL_SAI_Receive_DMA
                0x0800d1a4       0xd0 ../../libDaisy/build\libdaisy.a(stm32h7xx_hal_sai.o)
                0x0800d1a4                HAL_SAI_Receive_DMA
 .text.HAL_SAI_TxCpltCallback
                0x0800d274        0x4 ../../libDaisy/build\libdaisy.a(stm32h7xx_hal_sai.o)
                0x0800d274                HAL_SAI_TxCpltCallback
 .text.SAI_DMATxCplt
                0x0800d278       0x64 ../../libDaisy/build\libdaisy.a(stm32h7xx_hal_sai.o)
 .text.HAL_SAI_TxHalfCpltCallback
                0x0800d2dc        0x4 ../../libDaisy/build\libdaisy.a(stm32h7xx_hal_sai.o)
                0x0800d2dc                HAL_SAI_TxHalfCpltCallback
 .text.SAI_DMATxHalfCplt
                0x0800d2e0        0xc ../../libDaisy/build\libdaisy.a(stm32h7xx_hal_sai.o)
 .text.SAI_DMARxCplt
                0x0800d2ec       0x64 ../../libDaisy/build\libdaisy.a(stm32h7xx_hal_sai.o)
 .text.SAI_DMARxHalfCplt
                0x0800d350        0xc ../../libDaisy/build\libdaisy.a(stm32h7xx_hal_sai.o)
 .text.HAL_SAI_ErrorCallback
                0x0800d35c        0x4 ../../libDaisy/build\libdaisy.a(stm32h7xx_hal_sai.o)
                0x0800d35c                HAL_SAI_ErrorCallback
 .text.SAI_DMAError
                0x0800d360       0x6c ../../libDaisy/build\libdaisy.a(stm32h7xx_hal_sai.o)
 .text.HAL_SDRAM_Init
                0x0800d3cc       0x54 ../../libDaisy/build\libdaisy.a(stm32h7xx_hal_sdram.o)
                0x0800d3cc                HAL_SDRAM_Init
 .text.HAL_SDRAM_SendCommand
                0x0800d420       0x40 ../../libDaisy/build\libdaisy.a(stm32h7xx_hal_sdram.o)
                0x0800d420                HAL_SDRAM_SendCommand
 .text.HAL_SDRAM_ProgramRefreshRate
                0x0800d460       0x30 ../../libDaisy/build\libdaisy.a(stm32h7xx_hal_sdram.o)
                0x0800d460                HAL_SDRAM_ProgramRefreshRate
 .text.FMC_SDRAM_Init
                0x0800d490       0x7c ../../libDaisy/build\libdaisy.a(stm32h7xx_ll_fmc.o)
                0x0800d490                FMC_SDRAM_Init
 .text.FMC_SDRAM_Timing_Init
                0x0800d50c       0x98 ../../libDaisy/build\libdaisy.a(stm32h7xx_ll_fmc.o)
                0x0800d50c                FMC_SDRAM_Timing_Init
 .text.FMC_SDRAM_SendCommand
                0x0800d5a4       0x28 ../../libDaisy/build\libdaisy.a(stm32h7xx_ll_fmc.o)
                0x0800d5a4                FMC_SDRAM_SendCommand
 .text.FMC_SDRAM_ProgramRefreshRate
                0x0800d5cc       0x1c ../../libDaisy/build\libdaisy.a(stm32h7xx_ll_fmc.o)
                0x0800d5cc                FMC_SDRAM_ProgramRefreshRate
 .text.USB_SetTurnaroundTime
                0x0800d5e8      0x104 ../../libDaisy/build\libdaisy.a(stm32h7xx_ll_usb.o)
                0x0800d5e8                USB_SetTurnaroundTime
 .text.USB_FlushTxFifo
                0x0800d6ec       0x34 ../../libDaisy/build\libdaisy.a(stm32h7xx_ll_usb.o)
                0x0800d6ec                USB_FlushTxFifo
 .text.USB_GetDevSpeed
                0x0800d720       0x24 ../../libDaisy/build\libdaisy.a(stm32h7xx_ll_usb.o)
                0x0800d720                USB_GetDevSpeed
 .text.USB_ActivateEndpoint
                0x0800d744       0x90 ../../libDaisy/build\libdaisy.a(stm32h7xx_ll_usb.o)
                0x0800d744                USB_ActivateEndpoint
 .text.USB_EPStartXfer
                0x0800d7d4      0x230 ../../libDaisy/build\libdaisy.a(stm32h7xx_ll_usb.o)
                0x0800d7d4                USB_EPStartXfer
 .text.USB_EP0StartXfer
                0x0800da04      0x174 ../../libDaisy/build\libdaisy.a(stm32h7xx_ll_usb.o)
                0x0800da04                USB_EP0StartXfer
 .text.USB_WritePacket
                0x0800db78       0x2c ../../libDaisy/build\libdaisy.a(stm32h7xx_ll_usb.o)
                0x0800db78                USB_WritePacket
 .text.USB_ReadPacket
                0x0800dba4       0x20 ../../libDaisy/build\libdaisy.a(stm32h7xx_ll_usb.o)
                0x0800dba4                USB_ReadPacket
 .text.USB_EPSetStall
                0x0800dbc4       0x68 ../../libDaisy/build\libdaisy.a(stm32h7xx_ll_usb.o)
                0x0800dbc4                USB_EPSetStall
 .text.USB_EPClearStall
                0x0800dc2c       0x58 ../../libDaisy/build\libdaisy.a(stm32h7xx_ll_usb.o)
                0x0800dc2c                USB_EPClearStall
 .text.USB_SetDevAddress
                0x0800dc84       0x24 ../../libDaisy/build\libdaisy.a(stm32h7xx_ll_usb.o)
                0x0800dc84                USB_SetDevAddress
 .text.USB_ReadInterrupts
                0x0800dca8       0x14 ../../libDaisy/build\libdaisy.a(stm32h7xx_ll_usb.o)
                0x0800dca8                USB_ReadInterrupts
 .text.USB_ReadDevAllOutEpInterrupt
                0x0800dcbc       0x1c ../../libDaisy/build\libdaisy.a(stm32h7xx_ll_usb.o)
                0x0800dcbc                USB_ReadDevAllOutEpInterrupt
 .text.USB_ReadDevAllInEpInterrupt
                0x0800dcd8       0x1c ../../libDaisy/build\libdaisy.a(stm32h7xx_ll_usb.o)
                0x0800dcd8                USB_ReadDevAllInEpInterrupt
 .text.USB_ReadDevOutEPInterrupt
                0x0800dcf4       0x1c ../../libDaisy/build\libdaisy.a(stm32h7xx_ll_usb.o)
                0x0800dcf4                USB_ReadDevOutEPInterrupt
 .text.USB_ReadDevInEPInterrupt
                0x0800dd10       0x38 ../../libDaisy/build\libdaisy.a(stm32h7xx_ll_usb.o)
                0x0800dd10                USB_ReadDevInEPInterrupt
 .text.USB_GetMode
                0x0800dd48        0x8 ../../libDaisy/build\libdaisy.a(stm32h7xx_ll_usb.o)
                0x0800dd48                USB_GetMode
 .text.USB_ActivateSetup
                0x0800dd50       0x38 ../../libDaisy/build\libdaisy.a(stm32h7xx_ll_usb.o)
                0x0800dd50                USB_ActivateSetup
 .text.USB_EP0_OutStart
                0x0800dd88       0x58 ../../libDaisy/build\libdaisy.a(stm32h7xx_ll_usb.o)
                0x0800dd88                USB_EP0_OutStart
 .text.USB_InitFSLSPClkSel
                0x0800dde0       0x44 ../../libDaisy/build\libdaisy.a(stm32h7xx_ll_usb.o)
                0x0800dde0                USB_InitFSLSPClkSel
 .text.USB_HC_ReadInterrupt
                0x0800de24        0x8 ../../libDaisy/build\libdaisy.a(stm32h7xx_ll_usb.o)
                0x0800de24                USB_HC_ReadInterrupt
 .text.USB_HC_Halt
                0x0800de2c       0xc0 ../../libDaisy/build\libdaisy.a(stm32h7xx_ll_usb.o)
                0x0800de2c                USB_HC_Halt
 .text.USB_StopHost
                0x0800deec      0x2ec ../../libDaisy/build\libdaisy.a(stm32h7xx_ll_usb.o)
                0x0800deec                USB_StopHost
 .text.USBD_SetClassConfig
                0x0800e1d8       0x14 ../../libDaisy/build\libdaisy.a(usbd_core.o)
                0x0800e1d8                USBD_SetClassConfig
 .text.USBD_ClrClassConfig
                0x0800e1ec       0x10 ../../libDaisy/build\libdaisy.a(usbd_core.o)
                0x0800e1ec                USBD_ClrClassConfig
 .text.USBD_LL_SetupStage
                0x0800e1fc       0x5c ../../libDaisy/build\libdaisy.a(usbd_core.o)
                0x0800e1fc                USBD_LL_SetupStage
 .text.USBD_LL_DataOutStage
                0x0800e258       0x7c ../../libDaisy/build\libdaisy.a(usbd_core.o)
                0x0800e258                USBD_LL_DataOutStage
 .text.USBD_LL_DataInStage
                0x0800e2d4       0xcc ../../libDaisy/build\libdaisy.a(usbd_core.o)
                0x0800e2d4                USBD_LL_DataInStage
 .text.USBD_LL_Reset
                0x0800e3a0       0x50 ../../libDaisy/build\libdaisy.a(usbd_core.o)
                0x0800e3a0                USBD_LL_Reset
 .text.USBD_LL_SetSpeed
                0x0800e3f0        0x8 ../../libDaisy/build\libdaisy.a(usbd_core.o)
                0x0800e3f0                USBD_LL_SetSpeed
 .text.USBD_LL_Suspend
                0x0800e3f8       0x14 ../../libDaisy/build\libdaisy.a(usbd_core.o)
                0x0800e3f8                USBD_LL_Suspend
 .text.USBD_LL_Resume
                0x0800e40c       0x10 ../../libDaisy/build\libdaisy.a(usbd_core.o)
                0x0800e40c                USBD_LL_Resume
 .text.USBD_LL_SOF
                0x0800e41c       0x1c ../../libDaisy/build\libdaisy.a(usbd_core.o)
                0x0800e41c                USBD_LL_SOF
 .text.USBD_LL_IsoINIncomplete
                0x0800e438        0x4 ../../libDaisy/build\libdaisy.a(usbd_core.o)
                0x0800e438                USBD_LL_IsoINIncomplete
 .text.USBD_LL_IsoOUTIncomplete
                0x0800e43c        0x4 ../../libDaisy/build\libdaisy.a(usbd_core.o)
                0x0800e43c                USBD_LL_IsoOUTIncomplete
 .text.USBD_LL_DevConnected
                0x0800e440        0x4 ../../libDaisy/build\libdaisy.a(usbd_core.o)
                0x0800e440                USBD_LL_DevConnected
 .text.USBD_LL_DevDisconnected
                0x0800e444       0x18 ../../libDaisy/build\libdaisy.a(usbd_core.o)
                0x0800e444                USBD_LL_DevDisconnected
 .text.USBD_StdDevReq
                0x0800e45c      0x304 ../../libDaisy/build\libdaisy.a(usbd_ctlreq.o)
                0x0800e45c                USBD_StdDevReq
 .text.USBD_StdItfReq
                0x0800e760       0x68 ../../libDaisy/build\libdaisy.a(usbd_ctlreq.o)
                0x0800e760                USBD_StdItfReq
 .text.USBD_StdEPReq
                0x0800e7c8      0x13c ../../libDaisy/build\libdaisy.a(usbd_ctlreq.o)
                0x0800e7c8                USBD_StdEPReq
 .text.USBD_ParseSetupRequest
                0x0800e904       0x28 ../../libDaisy/build\libdaisy.a(usbd_ctlreq.o)
                0x0800e904                USBD_ParseSetupRequest
 .text.USBD_CtlSendData
                0x0800e92c       0x1c ../../libDaisy/build\libdaisy.a(usbd_ioreq.o)
                0x0800e92c                USBD_CtlSendData
 .text.USBD_CtlContinueSendData
                0x0800e948       0x14 ../../libDaisy/build\libdaisy.a(usbd_ioreq.o)
                0x0800e948                USBD_CtlContinueSendData
 .text.USBD_CtlContinueRx
                0x0800e95c       0x14 ../../libDaisy/build\libdaisy.a(usbd_ioreq.o)
                0x0800e95c                USBD_CtlContinueRx
 .text.USBD_CtlSendStatus
                0x0800e970       0x18 ../../libDaisy/build\libdaisy.a(usbd_ioreq.o)
                0x0800e970                USBD_CtlSendStatus
 .text.USBD_CtlReceiveStatus
                0x0800e988       0x18 ../../libDaisy/build\libdaisy.a(usbd_ioreq.o)
                0x0800e988                USBD_CtlReceiveStatus
 .text.USBH_LL_IncTimer
                0x0800e9a0       0x20 ../../libDaisy/build\libdaisy.a(usbh_core.o)
                0x0800e9a0                USBH_LL_IncTimer
 .text.USBH_LL_PortEnabled
                0x0800e9c0        0x8 ../../libDaisy/build\libdaisy.a(usbh_core.o)
                0x0800e9c0                USBH_LL_PortEnabled
 .text.USBH_LL_PortDisabled
                0x0800e9c8        0x8 ../../libDaisy/build\libdaisy.a(usbh_core.o)
                0x0800e9c8                USBH_LL_PortDisabled
 .text.USBH_LL_Connect
                0x0800e9d0       0x18 ../../libDaisy/build\libdaisy.a(usbh_core.o)
                0x0800e9d0                USBH_LL_Connect
 .text.USBH_LL_Disconnect
                0x0800e9e8       0x2c ../../libDaisy/build\libdaisy.a(usbh_core.o)
                0x0800e9e8                USBH_LL_Disconnect
 .text.USBH_FreePipe
                0x0800ea14       0x18 ../../libDaisy/build\libdaisy.a(usbh_pipes.o)
                0x0800ea14                USBH_FreePipe
 .text._ZN5daisy6Random4InitEv
                0x0800ea2c       0x3c ../../libDaisy/build\libdaisy.a(rng.o)
                0x0800ea2c                daisy::Random::Init()
 .text._ZN5daisy9SpiHandle4Impl7InitDmaEv
                0x0800ea68       0xec ../../libDaisy/build\libdaisy.a(spi.o)
                0x0800ea68                daisy::SpiHandle::Impl::InitDma()
 .text._ZN5daisy9SpiHandle4Impl10StartDmaTxEPhjPFvPvEPFvS3_NS0_6ResultEES3_
                0x0800eb54       0xc8 ../../libDaisy/build\libdaisy.a(spi.o)
                0x0800eb54                daisy::SpiHandle::Impl::StartDmaTx(unsigned char*, unsigned int, void (*)(void*), void (*)(void*, daisy::SpiHandle::Result), void*)
 .text._ZN5daisy9SpiHandle4Impl10StartDmaRxEPhjPFvPvEPFvS3_NS0_6ResultEES3_
                0x0800ec1c       0xc8 ../../libDaisy/build\libdaisy.a(spi.o)
                0x0800ec1c                daisy::SpiHandle::Impl::StartDmaRx(unsigned char*, unsigned int, void (*)(void*), void (*)(void*, daisy::SpiHandle::Result), void*)
 .text._ZN5daisy9SpiHandle4Impl12StartDmaRxTxEPhS2_jPFvPvEPFvS3_NS0_6ResultEES3_
                0x0800ece4       0xcc ../../libDaisy/build\libdaisy.a(spi.o)
                0x0800ece4                daisy::SpiHandle::Impl::StartDmaRxTx(unsigned char*, unsigned char*, unsigned int, void (*)(void*), void (*)(void*, daisy::SpiHandle::Result), void*)
 .text._ZN5daisy9SpiHandle4Impl8InitPinsEv
                0x0800edb0      0x274 ../../libDaisy/build\libdaisy.a(spi.o)
                0x0800edb0                daisy::SpiHandle::Impl::InitPins()
 .text.HAL_SPI_MspInit
                0x0800f024      0x1a8 ../../libDaisy/build\libdaisy.a(spi.o)
                0x0800f024                HAL_SPI_MspInit
 .text.dsy_spi_global_init
                0x0800f1cc       0x80 ../../libDaisy/build\libdaisy.a(spi.o)
                0x0800f1cc                dsy_spi_global_init
 .text.SPI1_IRQHandler
                0x0800f24c        0xc ../../libDaisy/build\libdaisy.a(spi.o)
                0x0800f24c                SPI1_IRQHandler
 .text.SPI2_IRQHandler
                0x0800f258        0xc ../../libDaisy/build\libdaisy.a(spi.o)
                0x0800f258                SPI2_IRQHandler
 .text.SPI3_IRQHandler
                0x0800f264        0xc ../../libDaisy/build\libdaisy.a(spi.o)
                0x0800f264                SPI3_IRQHandler
 .text.SPI4_IRQHandler
                0x0800f270        0xc ../../libDaisy/build\libdaisy.a(spi.o)
                0x0800f270                SPI4_IRQHandler
 .text.SPI5_IRQHandler
                0x0800f27c        0xc ../../libDaisy/build\libdaisy.a(spi.o)
                0x0800f27c                SPI5_IRQHandler
 .text.DMA2_Stream2_IRQHandler
                0x0800f288       0x34 ../../libDaisy/build\libdaisy.a(spi.o)
                0x0800f288                DMA2_Stream2_IRQHandler
 .text.DMA2_Stream3_IRQHandler
                0x0800f2bc       0x38 ../../libDaisy/build\libdaisy.a(spi.o)
                0x0800f2bc                DMA2_Stream3_IRQHandler
 .text.HAL_SPI_TxCpltCallback
                0x0800f2f4       0xc4 ../../libDaisy/build\libdaisy.a(spi.o)
                0x0800f2f4                HAL_SPI_TxCpltCallback
 .text.HAL_SPI_RxCpltCallback
                0x0800f3b8       0xc4 ../../libDaisy/build\libdaisy.a(spi.o)
                0x0800f3b8                HAL_SPI_RxCpltCallback
 .text.HAL_SPI_TxRxCpltCallback
                0x0800f47c       0xc4 ../../libDaisy/build\libdaisy.a(spi.o)
                0x0800f47c                HAL_SPI_TxRxCpltCallback
 .text.HAL_SPI_ErrorCallback
                0x0800f540       0xc8 ../../libDaisy/build\libdaisy.a(spi.o)
                0x0800f540                HAL_SPI_ErrorCallback
 .text.startup._GLOBAL__sub_I__Z19MapInstanceToHandleP11SPI_TypeDef
                0x0800f608      0x1b0 ../../libDaisy/build\libdaisy.a(spi.o)
 .text.HAL_TIM_Base_MspInit
                0x0800f7b8      0x1e0 ../../libDaisy/build\libdaisy.a(tim.o)
                0x0800f7b8                HAL_TIM_Base_MspInit
 .text.HAL_TIM_PeriodElapsedCallback
                0x0800f998       0x44 ../../libDaisy/build\libdaisy.a(tim.o)
                0x0800f998                HAL_TIM_PeriodElapsedCallback
 .text.TIM2_IRQHandler
                0x0800f9dc        0xc ../../libDaisy/build\libdaisy.a(tim.o)
                0x0800f9dc                TIM2_IRQHandler
 .text.TIM3_IRQHandler
                0x0800f9e8        0xc ../../libDaisy/build\libdaisy.a(tim.o)
                0x0800f9e8                TIM3_IRQHandler
 .text.TIM4_IRQHandler
                0x0800f9f4        0xc ../../libDaisy/build\libdaisy.a(tim.o)
                0x0800f9f4                TIM4_IRQHandler
 .text.TIM5_IRQHandler
                0x0800fa00        0xc ../../libDaisy/build\libdaisy.a(tim.o)
                0x0800fa00                TIM5_IRQHandler
 .text._ZN5daisy11TimerHandle4InitERKNS0_6ConfigE
                0x0800fa0c       0xd0 ../../libDaisy/build\libdaisy.a(tim.o)
                0x0800fa0c                daisy::TimerHandle::Init(daisy::TimerHandle::Config const&)
 .text._ZN5daisy11TimerHandle5StartEv
                0x0800fadc       0x24 ../../libDaisy/build\libdaisy.a(tim.o)
                0x0800fadc                daisy::TimerHandle::Start()
 .text.startup._GLOBAL__sub_I__ZN5daisy11TimerHandle4Impl4InitERKNS0_6ConfigE
                0x0800fb00       0x38 ../../libDaisy/build\libdaisy.a(tim.o)
 .text._ZL20UART_CheckRxListenerPN5daisy11UartHandler4ImplE
                0x0800fb38       0x84 ../../libDaisy/build\libdaisy.a(uart.o)
 .text._ZN5daisy11UartHandler4Impl10StartDmaTxEPhjPFvPvEPFvS3_NS0_6ResultEES3_
                0x0800fbbc      0x184 ../../libDaisy/build\libdaisy.a(uart.o)
                0x0800fbbc                daisy::UartHandler::Impl::StartDmaTx(unsigned char*, unsigned int, void (*)(void*), void (*)(void*, daisy::UartHandler::Result), void*)
 .text._ZN5daisy11UartHandler4Impl10StartDmaRxEPhjPFvPvEPFvS3_NS0_6ResultEES3_
                0x0800fd40      0x184 ../../libDaisy/build\libdaisy.a(uart.o)
                0x0800fd40                daisy::UartHandler::Impl::StartDmaRx(unsigned char*, unsigned int, void (*)(void*), void (*)(void*, daisy::UartHandler::Result), void*)
 .text._ZN5daisy11UartHandler4Impl19DmaTransferFinishedEP20__UART_HandleTypeDefNS0_6ResultE
                0x0800fec4       0xc0 ../../libDaisy/build\libdaisy.a(uart.o)
                0x0800fec4                daisy::UartHandler::Impl::DmaTransferFinished(__UART_HandleTypeDef*, daisy::UartHandler::Result)
 .text._ZN5daisy11UartHandler4Impl8InitPinsEv
                0x0800ff84      0x154 ../../libDaisy/build\libdaisy.a(uart.o)
                0x0800ff84                daisy::UartHandler::Impl::InitPins()
 .text.HAL_UART_MspInit
                0x080100d8      0x210 ../../libDaisy/build\libdaisy.a(uart.o)
                0x080100d8                HAL_UART_MspInit
 .text.dsy_uart_global_init
                0x080102e8      0x110 ../../libDaisy/build\libdaisy.a(uart.o)
                0x080102e8                dsy_uart_global_init
 .text.USART1_IRQHandler
                0x080103f8       0x2c ../../libDaisy/build\libdaisy.a(uart.o)
                0x080103f8                USART1_IRQHandler
 .text.USART2_IRQHandler
                0x08010424       0x34 ../../libDaisy/build\libdaisy.a(uart.o)
                0x08010424                USART2_IRQHandler
 .text.USART3_IRQHandler
                0x08010458       0x34 ../../libDaisy/build\libdaisy.a(uart.o)
                0x08010458                USART3_IRQHandler
 .text.UART4_IRQHandler
                0x0801048c       0x34 ../../libDaisy/build\libdaisy.a(uart.o)
                0x0801048c                UART4_IRQHandler
 .text.UART5_IRQHandler
                0x080104c0       0x34 ../../libDaisy/build\libdaisy.a(uart.o)
                0x080104c0                UART5_IRQHandler
 .text.USART6_IRQHandler
                0x080104f4       0x34 ../../libDaisy/build\libdaisy.a(uart.o)
                0x080104f4                USART6_IRQHandler
 .text.UART7_IRQHandler
                0x08010528       0x34 ../../libDaisy/build\libdaisy.a(uart.o)
                0x08010528                UART7_IRQHandler
 .text.UART8_IRQHandler
                0x0801055c       0x34 ../../libDaisy/build\libdaisy.a(uart.o)
                0x0801055c                UART8_IRQHandler
 .text.LPUART1_IRQHandler
                0x08010590       0x34 ../../libDaisy/build\libdaisy.a(uart.o)
                0x08010590                LPUART1_IRQHandler
 .text.DMA1_Stream5_IRQHandler
                0x080105c4       0x34 ../../libDaisy/build\libdaisy.a(uart.o)
                0x080105c4                DMA1_Stream5_IRQHandler
 .text.DMA2_Stream4_IRQHandler
                0x080105f8       0x38 ../../libDaisy/build\libdaisy.a(uart.o)
                0x080105f8                DMA2_Stream4_IRQHandler
 .text.HAL_UART_TxCpltCallback
                0x08010630        0x8 ../../libDaisy/build\libdaisy.a(uart.o)
                0x08010630                HAL_UART_TxCpltCallback
 .text.HAL_UART_RxCpltCallback
                0x08010638       0x94 ../../libDaisy/build\libdaisy.a(uart.o)
                0x08010638                HAL_UART_RxCpltCallback
 .text.HAL_UART_RxHalfCpltCallback
                0x080106cc       0x90 ../../libDaisy/build\libdaisy.a(uart.o)
                0x080106cc                HAL_UART_RxHalfCpltCallback
 .text.HAL_UART_ErrorCallback
                0x0801075c        0x8 ../../libDaisy/build\libdaisy.a(uart.o)
                0x0801075c                HAL_UART_ErrorCallback
 .text.startup._GLOBAL__sub_I__Z19MapInstanceToHandleP13USART_TypeDef
                0x08010764      0x194 ../../libDaisy/build\libdaisy.a(uart.o)
 .text.dsy_dma_init
                0x080108f8      0x100 ../../libDaisy/build\libdaisy.a(dma.o)
                0x080108f8                dsy_dma_init
 .text.dsy_dma_invalidate_cache_for_buffer
                0x080109f8       0x2c ../../libDaisy/build\libdaisy.a(dma.o)
                0x080109f8                dsy_dma_invalidate_cache_for_buffer
 .text.HAL_MDMA_Abort_IT
                0x08010a24       0x2c ../../libDaisy/build\libdaisy.a(stm32h7xx_hal_mdma.o)
                0x08010a24                HAL_MDMA_Abort_IT
 .text.SPI_CloseTransfer
                0x08010a50       0xb8 ../../libDaisy/build\libdaisy.a(stm32h7xx_hal_spi.o)
 .text.HAL_SPI_Init
                0x08010b08      0x15c ../../libDaisy/build\libdaisy.a(stm32h7xx_hal_spi.o)
                0x08010b08                HAL_SPI_Init
 .text.HAL_SPI_Transmit_DMA
                0x08010c64      0x170 ../../libDaisy/build\libdaisy.a(stm32h7xx_hal_spi.o)
                0x08010c64                HAL_SPI_Transmit_DMA
 .text.HAL_SPI_TransmitReceive_DMA
                0x08010dd4      0x218 ../../libDaisy/build\libdaisy.a(stm32h7xx_hal_spi.o)
                0x08010dd4                HAL_SPI_TransmitReceive_DMA
 .text.HAL_SPI_Receive_DMA
                0x08010fec      0x1b4 ../../libDaisy/build\libdaisy.a(stm32h7xx_hal_spi.o)
                0x08010fec                HAL_SPI_Receive_DMA
 .text.SPI_DMATransmitCplt
                0x080111a0       0x28 ../../libDaisy/build\libdaisy.a(stm32h7xx_hal_spi.o)
 .text.SPI_DMAReceiveCplt
                0x080111c8       0x28 ../../libDaisy/build\libdaisy.a(stm32h7xx_hal_spi.o)
 .text.SPI_DMATransmitReceiveCplt
                0x080111f0       0x28 ../../libDaisy/build\libdaisy.a(stm32h7xx_hal_spi.o)
 .text.HAL_SPI_TxHalfCpltCallback
                0x08011218        0x4 ../../libDaisy/build\libdaisy.a(stm32h7xx_hal_spi.o)
                0x08011218                HAL_SPI_TxHalfCpltCallback
 .text.SPI_DMAHalfTransmitCplt
                0x0801121c        0xc ../../libDaisy/build\libdaisy.a(stm32h7xx_hal_spi.o)
 .text.HAL_SPI_RxHalfCpltCallback
                0x08011228        0x4 ../../libDaisy/build\libdaisy.a(stm32h7xx_hal_spi.o)
                0x08011228                HAL_SPI_RxHalfCpltCallback
 .text.SPI_DMAHalfReceiveCplt
                0x0801122c        0xc ../../libDaisy/build\libdaisy.a(stm32h7xx_hal_spi.o)
 .text.HAL_SPI_TxRxHalfCpltCallback
                0x08011238        0x4 ../../libDaisy/build\libdaisy.a(stm32h7xx_hal_spi.o)
                0x08011238                HAL_SPI_TxRxHalfCpltCallback
 .text.SPI_DMAHalfTransmitReceiveCplt
                0x0801123c        0xc ../../libDaisy/build\libdaisy.a(stm32h7xx_hal_spi.o)
 .text.SPI_DMAError
                0x08011248       0xd8 ../../libDaisy/build\libdaisy.a(stm32h7xx_hal_spi.o)
 .text.HAL_SPI_IRQHandler
                0x08011320      0x23c ../../libDaisy/build\libdaisy.a(stm32h7xx_hal_spi.o)
                0x08011320                HAL_SPI_IRQHandler
 .text.SPI_DMAAbortOnError
                0x0801155c       0x1c ../../libDaisy/build\libdaisy.a(stm32h7xx_hal_spi.o)
 .text.HAL_SPI_GetState
                0x08011578        0x8 ../../libDaisy/build\libdaisy.a(stm32h7xx_hal_spi.o)
                0x08011578                HAL_SPI_GetState
 .text.HAL_TIM_Base_Init
                0x08011580      0x140 ../../libDaisy/build\libdaisy.a(stm32h7xx_hal_tim.o)
                0x08011580                HAL_TIM_Base_Init
 .text.HAL_TIM_Base_Start
                0x080116c0       0x34 ../../libDaisy/build\libdaisy.a(stm32h7xx_hal_tim.o)
                0x080116c0                HAL_TIM_Base_Start
 .text.HAL_TIM_Base_Start_IT
                0x080116f4       0x2c ../../libDaisy/build\libdaisy.a(stm32h7xx_hal_tim.o)
                0x080116f4                HAL_TIM_Base_Start_IT
 .text.HAL_TIM_ConfigClockSource
                0x08011720      0x17c ../../libDaisy/build\libdaisy.a(stm32h7xx_hal_tim.o)
                0x08011720                HAL_TIM_ConfigClockSource
 .text.HAL_TIM_OC_DelayElapsedCallback
                0x0801189c        0x4 ../../libDaisy/build\libdaisy.a(stm32h7xx_hal_tim.o)
                0x0801189c                HAL_TIM_OC_DelayElapsedCallback
 .text.HAL_TIM_IC_CaptureCallback
                0x080118a0        0x4 ../../libDaisy/build\libdaisy.a(stm32h7xx_hal_tim.o)
                0x080118a0                HAL_TIM_IC_CaptureCallback
 .text.HAL_TIM_PWM_PulseFinishedCallback
                0x080118a4        0x4 ../../libDaisy/build\libdaisy.a(stm32h7xx_hal_tim.o)
                0x080118a4                HAL_TIM_PWM_PulseFinishedCallback
 .text.HAL_TIM_TriggerCallback
                0x080118a8        0x4 ../../libDaisy/build\libdaisy.a(stm32h7xx_hal_tim.o)
                0x080118a8                HAL_TIM_TriggerCallback
 .text.HAL_TIM_IRQHandler
                0x080118ac      0x170 ../../libDaisy/build\libdaisy.a(stm32h7xx_hal_tim.o)
                0x080118ac                HAL_TIM_IRQHandler
 .text.HAL_TIMEx_MasterConfigSynchronization
                0x08011a1c       0x64 ../../libDaisy/build\libdaisy.a(stm32h7xx_hal_tim_ex.o)
                0x08011a1c                HAL_TIMEx_MasterConfigSynchronization
 .text.HAL_TIMEx_CommutCallback
                0x08011a80        0x4 ../../libDaisy/build\libdaisy.a(stm32h7xx_hal_tim_ex.o)
                0x08011a80                HAL_TIMEx_CommutCallback
 .text.HAL_TIMEx_BreakCallback
                0x08011a84        0x4 ../../libDaisy/build\libdaisy.a(stm32h7xx_hal_tim_ex.o)
                0x08011a84                HAL_TIMEx_BreakCallback
 .text.HAL_TIMEx_Break2Callback
                0x08011a88        0x4 ../../libDaisy/build\libdaisy.a(stm32h7xx_hal_tim_ex.o)
                0x08011a88                HAL_TIMEx_Break2Callback
 .text.HAL_UART_Transmit_DMA
                0x08011a8c       0xa4 ../../libDaisy/build\libdaisy.a(stm32h7xx_hal_uart.o)
                0x08011a8c                HAL_UART_Transmit_DMA
 .text.HAL_UART_Receive_DMA
                0x08011b30       0xac ../../libDaisy/build\libdaisy.a(stm32h7xx_hal_uart.o)
                0x08011b30                HAL_UART_Receive_DMA
 .text.UART_DMATransmitCplt
                0x08011bdc       0x2c ../../libDaisy/build\libdaisy.a(stm32h7xx_hal_uart.o)
 .text.HAL_UART_TxHalfCpltCallback
                0x08011c08        0x4 ../../libDaisy/build\libdaisy.a(stm32h7xx_hal_uart.o)
                0x08011c08                HAL_UART_TxHalfCpltCallback
 .text.UART_DMATxHalfCplt
                0x08011c0c        0xc ../../libDaisy/build\libdaisy.a(stm32h7xx_hal_uart.o)
 .text.UART_DMAReceiveCplt
                0x08011c18       0x38 ../../libDaisy/build\libdaisy.a(stm32h7xx_hal_uart.o)
 .text.UART_DMARxHalfCplt
                0x08011c50        0xc ../../libDaisy/build\libdaisy.a(stm32h7xx_hal_uart.o)
 .text.UART_DMAError
                0x08011c5c       0x78 ../../libDaisy/build\libdaisy.a(stm32h7xx_hal_uart.o)
 .text.HAL_UART_IRQHandler
                0x08011cd4      0x1d0 ../../libDaisy/build\libdaisy.a(stm32h7xx_hal_uart.o)
                0x08011cd4                HAL_UART_IRQHandler
 .text.UART_DMAAbortOnError
                0x08011ea4       0x14 ../../libDaisy/build\libdaisy.a(stm32h7xx_hal_uart.o)
 .text.HAL_UART_GetState
                0x08011eb8        0xc ../../libDaisy/build\libdaisy.a(stm32h7xx_hal_uart.o)
                0x08011eb8                HAL_UART_GetState
 .text.UART_SetConfig
                0x08011ec4     0x14b8 ../../libDaisy/build\libdaisy.a(stm32h7xx_hal_uart.o)
                0x08011ec4                UART_SetConfig
 .text.UART_AdvFeatureConfig
                0x0801337c       0xb0 ../../libDaisy/build\libdaisy.a(stm32h7xx_hal_uart.o)
                0x0801337c                UART_AdvFeatureConfig
 .text.UART_CheckIdleState
                0x0801342c       0x84 ../../libDaisy/build\libdaisy.a(stm32h7xx_hal_uart.o)
                0x0801342c                UART_CheckIdleState
 .text.HAL_UART_Init
                0x080134b0       0x68 ../../libDaisy/build\libdaisy.a(stm32h7xx_hal_uart.o)
                0x080134b0                HAL_UART_Init
 .text.HAL_UARTEx_WakeupCallback
                0x08013518        0x4 ../../libDaisy/build\libdaisy.a(stm32h7xx_hal_uart_ex.o)
                0x08013518                HAL_UARTEx_WakeupCallback
 .text.HAL_UARTEx_RxFifoFullCallback
                0x0801351c        0x4 ../../libDaisy/build\libdaisy.a(stm32h7xx_hal_uart_ex.o)
                0x0801351c                HAL_UARTEx_RxFifoFullCallback
 .text.HAL_UARTEx_TxFifoEmptyCallback
                0x08013520        0x4 ../../libDaisy/build\libdaisy.a(stm32h7xx_hal_uart_ex.o)
                0x08013520                HAL_UARTEx_TxFifoEmptyCallback
 .text.__aeabi_atexit
                0x08013524        0xa c:/program files/daisytoolchain/bin/../lib/gcc/arm-none-eabi/10.2.1/../../../../arm-none-eabi/lib/thumb/v7e-m+dp/hard\libstdc++_nano.a(atexit_arm.o)
                0x08013524                __aeabi_atexit
 .text._ZdlPvj  0x0801352e        0x4 c:/program files/daisytoolchain/bin/../lib/gcc/arm-none-eabi/10.2.1/../../../../arm-none-eabi/lib/thumb/v7e-m+dp/hard\libstdc++_nano.a(del_ops.o)
                0x0801352e                operator delete(void*, unsigned int)
 .text._Znwj    0x08013532       0x22 c:/program files/daisytoolchain/bin/../lib/gcc/arm-none-eabi/10.2.1/../../../../arm-none-eabi/lib/thumb/v7e-m+dp/hard\libstdc++_nano.a(new_op.o)
                0x08013532                operator new(unsigned int)
 .text._ZdlPv   0x08013554        0x4 c:/program files/daisytoolchain/bin/../lib/gcc/arm-none-eabi/10.2.1/../../../../arm-none-eabi/lib/thumb/v7e-m+dp/hard\libstdc++_nano.a(del_op.o)
                0x08013554                operator delete(void*)
 .text._ZSt15get_new_handlerv
                0x08013558       0x10 c:/program files/daisytoolchain/bin/../lib/gcc/arm-none-eabi/10.2.1/../../../../arm-none-eabi/lib/thumb/v7e-m+dp/hard\libstdc++_nano.a(new_handler.o)
                0x08013558                std::get_new_handler()
 .text.cosf     0x08013568      0x1bc c:/program files/daisytoolchain/bin/../lib/gcc/arm-none-eabi/10.2.1/../../../../arm-none-eabi/lib/thumb/v7e-m+dp/hard\libm.a(lib_a-cosf.o)
                0x08013568                cosf
 .text.with_errnof
                0x08013724       0x18 c:/program files/daisytoolchain/bin/../lib/gcc/arm-none-eabi/10.2.1/../../../../arm-none-eabi/lib/thumb/v7e-m+dp/hard\libm.a(lib_a-math_errf.o)
 .text.xflowf   0x0801373c       0x20 c:/program files/daisytoolchain/bin/../lib/gcc/arm-none-eabi/10.2.1/../../../../arm-none-eabi/lib/thumb/v7e-m+dp/hard\libm.a(lib_a-math_errf.o)
 .text.__math_uflowf
                0x0801375c        0xc c:/program files/daisytoolchain/bin/../lib/gcc/arm-none-eabi/10.2.1/../../../../arm-none-eabi/lib/thumb/v7e-m+dp/hard\libm.a(lib_a-math_errf.o)
                0x0801375c                __math_uflowf
 .text.__math_may_uflowf
                0x08013768        0xc c:/program files/daisytoolchain/bin/../lib/gcc/arm-none-eabi/10.2.1/../../../../arm-none-eabi/lib/thumb/v7e-m+dp/hard\libm.a(lib_a-math_errf.o)
                0x08013768                __math_may_uflowf
 .text.__math_oflowf
                0x08013774        0xc c:/program files/daisytoolchain/bin/../lib/gcc/arm-none-eabi/10.2.1/../../../../arm-none-eabi/lib/thumb/v7e-m+dp/hard\libm.a(lib_a-math_errf.o)
                0x08013774                __math_oflowf
 .text.__math_divzerof
                0x08013780       0x24 c:/program files/daisytoolchain/bin/../lib/gcc/arm-none-eabi/10.2.1/../../../../arm-none-eabi/lib/thumb/v7e-m+dp/hard\libm.a(lib_a-math_errf.o)
                0x08013780                __math_divzerof
 .text.__math_invalidf
                0x080137a4       0x20 c:/program files/daisytoolchain/bin/../lib/gcc/arm-none-eabi/10.2.1/../../../../arm-none-eabi/lib/thumb/v7e-m+dp/hard\libm.a(lib_a-math_errf.o)
                0x080137a4                __math_invalidf
 .text.expf     0x080137c4       0xe4 c:/program files/daisytoolchain/bin/../lib/gcc/arm-none-eabi/10.2.1/../../../../arm-none-eabi/lib/thumb/v7e-m+dp/hard\libm.a(lib_a-sf_exp.o)
                0x080137c4                expf
 .text.log2f    0x080138a8       0xd0 c:/program files/daisytoolchain/bin/../lib/gcc/arm-none-eabi/10.2.1/../../../../arm-none-eabi/lib/thumb/v7e-m+dp/hard\libm.a(lib_a-sf_log2.o)
                0x080138a8                log2f